---
source: rnc/src/parse.rs
expression: parse_schema(&read_to_string(&path).unwrap()).unwrap()
---
Schema {
    declarations: [
        Datatypes(
            DatatypesDeclaration {
                prefix: Some(
                    "w",
                ),
                uri: "http://whattf.org/datatype-draft",
            },
        ),
    ],
    body: Grammar(
        Grammar {
            contents: [
                Definition(
                    Definition {
                        name: "p.elem",
                        combine: None,
                        pattern: Element {
                            name_class: Name(
                                Name {
                                    prefix: None,
                                    local: "p",
                                },
                            ),
                            pattern: Interleave(
                                [
                                    Name(
                                        Name {
                                            prefix: None,
                                            local: "p.inner",
                                        },
                                    ),
                                    Name(
                                        Name {
                                            prefix: None,
                                            local: "p.attrs",
                                        },
                                    ),
                                ],
                            ),
                        },
                    },
                ),
                Definition(
                    Definition {
                        name: "p.attrs",
                        combine: None,
                        pattern: Interleave(
                            [
                                Name(
                                    Name {
                                        prefix: None,
                                        local: "common.attrs",
                                    },
                                ),
                                Optional(
                                    Name(
                                        Name {
                                            prefix: None,
                                            local: "common.attrs.aria",
                                        },
                                    ),
                                ),
                            ],
                        ),
                    },
                ),
                Definition(
                    Definition {
                        name: "p.inner",
                        combine: None,
                        pattern: Name(
                            Name {
                                prefix: None,
                                local: "common.inner.phrasing",
                            },
                        ),
                    },
                ),
                Definition(
                    Definition {
                        name: "common.elem.flow",
                        combine: Some(
                            Choice,
                        ),
                        pattern: Name(
                            Name {
                                prefix: None,
                                local: "p.elem",
                            },
                        ),
                    },
                ),
                Definition(
                    Definition {
                        name: "hr.elem",
                        combine: None,
                        pattern: Element {
                            name_class: Name(
                                Name {
                                    prefix: None,
                                    local: "hr",
                                },
                            ),
                            pattern: Interleave(
                                [
                                    Name(
                                        Name {
                                            prefix: None,
                                            local: "hr.inner",
                                        },
                                    ),
                                    Name(
                                        Name {
                                            prefix: None,
                                            local: "hr.attrs",
                                        },
                                    ),
                                ],
                            ),
                        },
                    },
                ),
                Definition(
                    Definition {
                        name: "hr.attrs",
                        combine: None,
                        pattern: Interleave(
                            [
                                Name(
                                    Name {
                                        prefix: None,
                                        local: "common.attrs",
                                    },
                                ),
                                Optional(
                                    Choice(
                                        [
                                            Name(
                                                Name {
                                                    prefix: None,
                                                    local: "common.attrs.aria.implicit.separator",
                                                },
                                            ),
                                            Name(
                                                Name {
                                                    prefix: None,
                                                    local: "common.attrs.aria.role.separator",
                                                },
                                            ),
                                            Name(
                                                Name {
                                                    prefix: None,
                                                    local: "common.attrs.aria.role.presentation",
                                                },
                                            ),
                                            Name(
                                                Name {
                                                    prefix: None,
                                                    local: "common.attrs.aria.role.doc-pagebreak",
                                                },
                                            ),
                                        ],
                                    ),
                                ),
                            ],
                        ),
                    },
                ),
                Definition(
                    Definition {
                        name: "hr.inner",
                        combine: None,
                        pattern: Empty,
                    },
                ),
                Definition(
                    Definition {
                        name: "common.elem.flow",
                        combine: Some(
                            Choice,
                        ),
                        pattern: Name(
                            Name {
                                prefix: None,
                                local: "hr.elem",
                            },
                        ),
                    },
                ),
                Definition(
                    Definition {
                        name: "pre.elem",
                        combine: None,
                        pattern: Element {
                            name_class: Name(
                                Name {
                                    prefix: None,
                                    local: "pre",
                                },
                            ),
                            pattern: Interleave(
                                [
                                    Name(
                                        Name {
                                            prefix: None,
                                            local: "pre.inner",
                                        },
                                    ),
                                    Name(
                                        Name {
                                            prefix: None,
                                            local: "pre.attrs",
                                        },
                                    ),
                                ],
                            ),
                        },
                    },
                ),
                Definition(
                    Definition {
                        name: "pre.attrs",
                        combine: None,
                        pattern: Interleave(
                            [
                                Name(
                                    Name {
                                        prefix: None,
                                        local: "common.attrs",
                                    },
                                ),
                                Optional(
                                    Name(
                                        Name {
                                            prefix: None,
                                            local: "common.attrs.aria",
                                        },
                                    ),
                                ),
                            ],
                        ),
                    },
                ),
                Definition(
                    Definition {
                        name: "pre.inner",
                        combine: None,
                        pattern: Name(
                            Name {
                                prefix: None,
                                local: "common.inner.phrasing",
                            },
                        ),
                    },
                ),
                Definition(
                    Definition {
                        name: "common.elem.flow",
                        combine: Some(
                            Choice,
                        ),
                        pattern: Name(
                            Name {
                                prefix: None,
                                local: "pre.elem",
                            },
                        ),
                    },
                ),
                Definition(
                    Definition {
                        name: "ul.elem",
                        combine: None,
                        pattern: Element {
                            name_class: Name(
                                Name {
                                    prefix: None,
                                    local: "ul",
                                },
                            ),
                            pattern: Interleave(
                                [
                                    Name(
                                        Name {
                                            prefix: None,
                                            local: "ul.inner",
                                        },
                                    ),
                                    Name(
                                        Name {
                                            prefix: None,
                                            local: "ul.attrs",
                                        },
                                    ),
                                ],
                            ),
                        },
                    },
                ),
                Definition(
                    Definition {
                        name: "ul.attrs",
                        combine: None,
                        pattern: Interleave(
                            [
                                Name(
                                    Name {
                                        prefix: None,
                                        local: "common.attrs",
                                    },
                                ),
                                Optional(
                                    Choice(
                                        [
                                            Choice(
                                                [
                                                    Name(
                                                        Name {
                                                            prefix: None,
                                                            local: "common.attrs.aria.role.group",
                                                        },
                                                    ),
                                                    Name(
                                                        Name {
                                                            prefix: None,
                                                            local: "common.attrs.aria.role.list",
                                                        },
                                                    ),
                                                    Name(
                                                        Name {
                                                            prefix: None,
                                                            local: "common.attrs.aria.role.listbox",
                                                        },
                                                    ),
                                                    Name(
                                                        Name {
                                                            prefix: None,
                                                            local: "common.attrs.aria.role.menu",
                                                        },
                                                    ),
                                                    Name(
                                                        Name {
                                                            prefix: None,
                                                            local: "common.attrs.aria.role.menubar",
                                                        },
                                                    ),
                                                    Name(
                                                        Name {
                                                            prefix: None,
                                                            local: "common.attrs.aria.role.radiogroup",
                                                        },
                                                    ),
                                                    Name(
                                                        Name {
                                                            prefix: None,
                                                            local: "common.attrs.aria.role.tablist",
                                                        },
                                                    ),
                                                    Name(
                                                        Name {
                                                            prefix: None,
                                                            local: "common.attrs.aria.role.toolbar",
                                                        },
                                                    ),
                                                    Name(
                                                        Name {
                                                            prefix: None,
                                                            local: "common.attrs.aria.role.tree",
                                                        },
                                                    ),
                                                    Name(
                                                        Name {
                                                            prefix: None,
                                                            local: "common.attrs.aria.role.presentation",
                                                        },
                                                    ),
                                                ],
                                            ),
                                            Name(
                                                Name {
                                                    prefix: None,
                                                    local: "common.attrs.aria.implicit.list",
                                                },
                                            ),
                                        ],
                                    ),
                                ),
                            ],
                        ),
                    },
                ),
                Definition(
                    Definition {
                        name: "ul.inner",
                        combine: None,
                        pattern: Interleave(
                            [
                                Many0(
                                    Name(
                                        Name {
                                            prefix: None,
                                            local: "li.elem",
                                        },
                                    ),
                                ),
                                Many0(
                                    Name(
                                        Name {
                                            prefix: None,
                                            local: "common.elem.script-supporting",
                                        },
                                    ),
                                ),
                            ],
                        ),
                    },
                ),
                Definition(
                    Definition {
                        name: "common.elem.flow",
                        combine: Some(
                            Choice,
                        ),
                        pattern: Name(
                            Name {
                                prefix: None,
                                local: "ul.elem",
                            },
                        ),
                    },
                ),
                Definition(
                    Definition {
                        name: "li.elem",
                        combine: None,
                        pattern: Element {
                            name_class: Name(
                                Name {
                                    prefix: None,
                                    local: "li",
                                },
                            ),
                            pattern: Interleave(
                                [
                                    Name(
                                        Name {
                                            prefix: None,
                                            local: "li.inner",
                                        },
                                    ),
                                    Name(
                                        Name {
                                            prefix: None,
                                            local: "li.attrs",
                                        },
                                    ),
                                ],
                            ),
                        },
                    },
                ),
                Definition(
                    Definition {
                        name: "li.attrs",
                        combine: None,
                        pattern: Interleave(
                            [
                                Name(
                                    Name {
                                        prefix: None,
                                        local: "common.attrs",
                                    },
                                ),
                                Optional(
                                    Choice(
                                        [
                                            Name(
                                                Name {
                                                    prefix: None,
                                                    local: "common.attrs.aria.implicit.listitem",
                                                },
                                            ),
                                            Optional(
                                                Name(
                                                    Name {
                                                        prefix: None,
                                                        local: "common.attrs.aria",
                                                    },
                                                ),
                                            ),
                                        ],
                                    ),
                                ),
                            ],
                        ),
                    },
                ),
                Definition(
                    Definition {
                        name: "li.inner",
                        combine: None,
                        pattern: Name(
                            Name {
                                prefix: None,
                                local: "common.inner.flow",
                            },
                        ),
                    },
                ),
                Definition(
                    Definition {
                        name: "ol.elem",
                        combine: None,
                        pattern: Element {
                            name_class: Name(
                                Name {
                                    prefix: None,
                                    local: "ol",
                                },
                            ),
                            pattern: Interleave(
                                [
                                    Name(
                                        Name {
                                            prefix: None,
                                            local: "ol.inner",
                                        },
                                    ),
                                    Name(
                                        Name {
                                            prefix: None,
                                            local: "ol.attrs",
                                        },
                                    ),
                                ],
                            ),
                        },
                    },
                ),
                Definition(
                    Definition {
                        name: "ol.attrs",
                        combine: None,
                        pattern: Interleave(
                            [
                                Name(
                                    Name {
                                        prefix: None,
                                        local: "common.attrs",
                                    },
                                ),
                                Optional(
                                    Name(
                                        Name {
                                            prefix: None,
                                            local: "ol.attrs.start",
                                        },
                                    ),
                                ),
                                Optional(
                                    Name(
                                        Name {
                                            prefix: None,
                                            local: "ol.attrs.reversed",
                                        },
                                    ),
                                ),
                                Optional(
                                    Name(
                                        Name {
                                            prefix: None,
                                            local: "ol.attrs.type",
                                        },
                                    ),
                                ),
                                Optional(
                                    Choice(
                                        [
                                            Choice(
                                                [
                                                    Name(
                                                        Name {
                                                            prefix: None,
                                                            local: "common.attrs.aria.role.group",
                                                        },
                                                    ),
                                                    Name(
                                                        Name {
                                                            prefix: None,
                                                            local: "common.attrs.aria.role.list",
                                                        },
                                                    ),
                                                    Name(
                                                        Name {
                                                            prefix: None,
                                                            local: "common.attrs.aria.role.listbox",
                                                        },
                                                    ),
                                                    Name(
                                                        Name {
                                                            prefix: None,
                                                            local: "common.attrs.aria.role.menu",
                                                        },
                                                    ),
                                                    Name(
                                                        Name {
                                                            prefix: None,
                                                            local: "common.attrs.aria.role.menubar",
                                                        },
                                                    ),
                                                    Name(
                                                        Name {
                                                            prefix: None,
                                                            local: "common.attrs.aria.role.radiogroup",
                                                        },
                                                    ),
                                                    Name(
                                                        Name {
                                                            prefix: None,
                                                            local: "common.attrs.aria.role.tablist",
                                                        },
                                                    ),
                                                    Name(
                                                        Name {
                                                            prefix: None,
                                                            local: "common.attrs.aria.role.toolbar",
                                                        },
                                                    ),
                                                    Name(
                                                        Name {
                                                            prefix: None,
                                                            local: "common.attrs.aria.role.tree",
                                                        },
                                                    ),
                                                    Name(
                                                        Name {
                                                            prefix: None,
                                                            local: "common.attrs.aria.role.presentation",
                                                        },
                                                    ),
                                                ],
                                            ),
                                            Name(
                                                Name {
                                                    prefix: None,
                                                    local: "common.attrs.aria.implicit.list",
                                                },
                                            ),
                                        ],
                                    ),
                                ),
                            ],
                        ),
                    },
                ),
                Definition(
                    Definition {
                        name: "ol.attrs.start",
                        combine: None,
                        pattern: Attribute {
                            name_class: Name(
                                Name {
                                    prefix: None,
                                    local: "start",
                                },
                            ),
                            pattern: Name(
                                Name {
                                    prefix: None,
                                    local: "common.data.integer",
                                },
                            ),
                        },
                    },
                ),
                Definition(
                    Definition {
                        name: "ol.attrs.reversed",
                        combine: None,
                        pattern: Attribute {
                            name_class: Name(
                                Name {
                                    prefix: None,
                                    local: "reversed",
                                },
                            ),
                            pattern: Choice(
                                [
                                    Value {
                                        name: Some(
                                            Name {
                                                prefix: Some(
                                                    "w",
                                                ),
                                                local: "string",
                                            },
                                        ),
                                        value: "reversed",
                                    },
                                    Value {
                                        name: Some(
                                            Name {
                                                prefix: Some(
                                                    "w",
                                                ),
                                                local: "string",
                                            },
                                        ),
                                        value: "",
                                    },
                                ],
                            ),
                        },
                    },
                ),
                Definition(
                    Definition {
                        name: "ol.attrs.type",
                        combine: None,
                        pattern: Attribute {
                            name_class: Name(
                                Name {
                                    prefix: None,
                                    local: "type",
                                },
                            ),
                            pattern: Choice(
                                [
                                    Value {
                                        name: Some(
                                            Name {
                                                prefix: Some(
                                                    "w",
                                                ),
                                                local: "string",
                                            },
                                        ),
                                        value: "1",
                                    },
                                    Value {
                                        name: Some(
                                            Name {
                                                prefix: Some(
                                                    "w",
                                                ),
                                                local: "string",
                                            },
                                        ),
                                        value: "a",
                                    },
                                    Value {
                                        name: Some(
                                            Name {
                                                prefix: Some(
                                                    "w",
                                                ),
                                                local: "string",
                                            },
                                        ),
                                        value: "A",
                                    },
                                    Value {
                                        name: Some(
                                            Name {
                                                prefix: Some(
                                                    "w",
                                                ),
                                                local: "string",
                                            },
                                        ),
                                        value: "i",
                                    },
                                    Value {
                                        name: Some(
                                            Name {
                                                prefix: Some(
                                                    "w",
                                                ),
                                                local: "string",
                                            },
                                        ),
                                        value: "I",
                                    },
                                ],
                            ),
                        },
                    },
                ),
                Definition(
                    Definition {
                        name: "ol.inner",
                        combine: None,
                        pattern: Interleave(
                            [
                                Many0(
                                    Name(
                                        Name {
                                            prefix: None,
                                            local: "oli.elem",
                                        },
                                    ),
                                ),
                                Many0(
                                    Name(
                                        Name {
                                            prefix: None,
                                            local: "common.elem.script-supporting",
                                        },
                                    ),
                                ),
                            ],
                        ),
                    },
                ),
                Definition(
                    Definition {
                        name: "common.elem.flow",
                        combine: Some(
                            Choice,
                        ),
                        pattern: Name(
                            Name {
                                prefix: None,
                                local: "ol.elem",
                            },
                        ),
                    },
                ),
                Definition(
                    Definition {
                        name: "oli.elem",
                        combine: None,
                        pattern: Element {
                            name_class: Name(
                                Name {
                                    prefix: None,
                                    local: "li",
                                },
                            ),
                            pattern: Interleave(
                                [
                                    Name(
                                        Name {
                                            prefix: None,
                                            local: "oli.inner",
                                        },
                                    ),
                                    Name(
                                        Name {
                                            prefix: None,
                                            local: "oli.attrs",
                                        },
                                    ),
                                ],
                            ),
                        },
                    },
                ),
                Definition(
                    Definition {
                        name: "oli.attrs",
                        combine: None,
                        pattern: Interleave(
                            [
                                Name(
                                    Name {
                                        prefix: None,
                                        local: "common.attrs",
                                    },
                                ),
                                Optional(
                                    Name(
                                        Name {
                                            prefix: None,
                                            local: "oli.attrs.value",
                                        },
                                    ),
                                ),
                                Optional(
                                    Choice(
                                        [
                                            Name(
                                                Name {
                                                    prefix: None,
                                                    local: "common.attrs.aria.implicit.listitem",
                                                },
                                            ),
                                            Name(
                                                Name {
                                                    prefix: None,
                                                    local: "common.attrs.aria.role.listitem",
                                                },
                                            ),
                                            Name(
                                                Name {
                                                    prefix: None,
                                                    local: "common.attrs.aria.role.menuitem",
                                                },
                                            ),
                                            Name(
                                                Name {
                                                    prefix: None,
                                                    local: "common.attrs.aria.role.menuitemcheckbox",
                                                },
                                            ),
                                            Name(
                                                Name {
                                                    prefix: None,
                                                    local: "common.attrs.aria.role.menuitemradio",
                                                },
                                            ),
                                            Name(
                                                Name {
                                                    prefix: None,
                                                    local: "common.attrs.aria.role.option",
                                                },
                                            ),
                                            Name(
                                                Name {
                                                    prefix: None,
                                                    local: "common.attrs.aria.role.radio",
                                                },
                                            ),
                                            Name(
                                                Name {
                                                    prefix: None,
                                                    local: "common.attrs.aria.role.tab",
                                                },
                                            ),
                                            Name(
                                                Name {
                                                    prefix: None,
                                                    local: "common.attrs.aria.role.treeitem",
                                                },
                                            ),
                                            Name(
                                                Name {
                                                    prefix: None,
                                                    local: "common.attrs.aria.role.separator",
                                                },
                                            ),
                                            Name(
                                                Name {
                                                    prefix: None,
                                                    local: "common.attrs.aria.role.presentation",
                                                },
                                            ),
                                            Name(
                                                Name {
                                                    prefix: None,
                                                    local: "common.attrs.aria.role.doc-biblioentry",
                                                },
                                            ),
                                            Name(
                                                Name {
                                                    prefix: None,
                                                    local: "common.attrs.aria.role.doc-endnote",
                                                },
                                            ),
                                        ],
                                    ),
                                ),
                            ],
                        ),
                    },
                ),
                Definition(
                    Definition {
                        name: "oli.attrs.value",
                        combine: None,
                        pattern: Attribute {
                            name_class: Name(
                                Name {
                                    prefix: None,
                                    local: "value",
                                },
                            ),
                            pattern: Name(
                                Name {
                                    prefix: None,
                                    local: "common.data.integer",
                                },
                            ),
                        },
                    },
                ),
                Definition(
                    Definition {
                        name: "oli.inner",
                        combine: None,
                        pattern: Name(
                            Name {
                                prefix: None,
                                local: "common.inner.flow",
                            },
                        ),
                    },
                ),
                Definition(
                    Definition {
                        name: "dl.elem",
                        combine: None,
                        pattern: Element {
                            name_class: Name(
                                Name {
                                    prefix: None,
                                    local: "dl",
                                },
                            ),
                            pattern: Interleave(
                                [
                                    Name(
                                        Name {
                                            prefix: None,
                                            local: "dl.inner",
                                        },
                                    ),
                                    Name(
                                        Name {
                                            prefix: None,
                                            local: "dl.attrs",
                                        },
                                    ),
                                ],
                            ),
                        },
                    },
                ),
                Definition(
                    Definition {
                        name: "dl.attrs",
                        combine: None,
                        pattern: Interleave(
                            [
                                Name(
                                    Name {
                                        prefix: None,
                                        local: "common.attrs",
                                    },
                                ),
                                Optional(
                                    Choice(
                                        [
                                            Name(
                                                Name {
                                                    prefix: None,
                                                    local: "common.attrs.aria.role.list",
                                                },
                                            ),
                                            Name(
                                                Name {
                                                    prefix: None,
                                                    local: "common.attrs.aria.role.group",
                                                },
                                            ),
                                            Name(
                                                Name {
                                                    prefix: None,
                                                    local: "common.attrs.aria.role.presentation",
                                                },
                                            ),
                                        ],
                                    ),
                                ),
                            ],
                        ),
                    },
                ),
                Definition(
                    Definition {
                        name: "dl.inner",
                        combine: None,
                        pattern: Choice(
                            [
                                Many0(
                                    Group(
                                        [
                                            Many1(
                                                Interleave(
                                                    [
                                                        Name(
                                                            Name {
                                                                prefix: None,
                                                                local: "dt.elem",
                                                            },
                                                        ),
                                                        Many0(
                                                            Name(
                                                                Name {
                                                                    prefix: None,
                                                                    local: "common.elem.script-supporting",
                                                                },
                                                            ),
                                                        ),
                                                    ],
                                                ),
                                            ),
                                            Many1(
                                                Interleave(
                                                    [
                                                        Name(
                                                            Name {
                                                                prefix: None,
                                                                local: "dd.elem",
                                                            },
                                                        ),
                                                        Many0(
                                                            Name(
                                                                Name {
                                                                    prefix: None,
                                                                    local: "common.elem.script-supporting",
                                                                },
                                                            ),
                                                        ),
                                                    ],
                                                ),
                                            ),
                                        ],
                                    ),
                                ),
                                Many1(
                                    Interleave(
                                        [
                                            Name(
                                                Name {
                                                    prefix: None,
                                                    local: "dldiv.elem",
                                                },
                                            ),
                                            Many0(
                                                Name(
                                                    Name {
                                                        prefix: None,
                                                        local: "common.elem.script-supporting",
                                                    },
                                                ),
                                            ),
                                        ],
                                    ),
                                ),
                                Many0(
                                    Name(
                                        Name {
                                            prefix: None,
                                            local: "common.elem.script-supporting",
                                        },
                                    ),
                                ),
                            ],
                        ),
                    },
                ),
                Definition(
                    Definition {
                        name: "common.elem.flow",
                        combine: Some(
                            Choice,
                        ),
                        pattern: Name(
                            Name {
                                prefix: None,
                                local: "dl.elem",
                            },
                        ),
                    },
                ),
                Definition(
                    Definition {
                        name: "dt.elem",
                        combine: None,
                        pattern: Element {
                            name_class: Name(
                                Name {
                                    prefix: None,
                                    local: "dt",
                                },
                            ),
                            pattern: Interleave(
                                [
                                    Name(
                                        Name {
                                            prefix: None,
                                            local: "dt.inner",
                                        },
                                    ),
                                    Name(
                                        Name {
                                            prefix: None,
                                            local: "dt.attrs",
                                        },
                                    ),
                                ],
                            ),
                        },
                    },
                ),
                Definition(
                    Definition {
                        name: "dt.attrs",
                        combine: None,
                        pattern: Interleave(
                            [
                                Name(
                                    Name {
                                        prefix: None,
                                        local: "common.attrs",
                                    },
                                ),
                                Choice(
                                    [
                                        Name(
                                            Name {
                                                prefix: None,
                                                local: "common.attrs.aria.implicit.term",
                                            },
                                        ),
                                        Name(
                                            Name {
                                                prefix: None,
                                                local: "common.attrs.aria.role.term",
                                            },
                                        ),
                                        Name(
                                            Name {
                                                prefix: None,
                                                local: "common.attrs.aria.role.listitem",
                                            },
                                        ),
                                    ],
                                ),
                            ],
                        ),
                    },
                ),
                Definition(
                    Definition {
                        name: "dt.inner",
                        combine: None,
                        pattern: Name(
                            Name {
                                prefix: None,
                                local: "common.inner.flow",
                            },
                        ),
                    },
                ),
                Definition(
                    Definition {
                        name: "dd.elem",
                        combine: None,
                        pattern: Element {
                            name_class: Name(
                                Name {
                                    prefix: None,
                                    local: "dd",
                                },
                            ),
                            pattern: Interleave(
                                [
                                    Name(
                                        Name {
                                            prefix: None,
                                            local: "dd.inner",
                                        },
                                    ),
                                    Name(
                                        Name {
                                            prefix: None,
                                            local: "dd.attrs",
                                        },
                                    ),
                                ],
                            ),
                        },
                    },
                ),
                Definition(
                    Definition {
                        name: "dd.elem.phrasing",
                        combine: None,
                        pattern: Element {
                            name_class: Name(
                                Name {
                                    prefix: None,
                                    local: "dd",
                                },
                            ),
                            pattern: Interleave(
                                [
                                    Name(
                                        Name {
                                            prefix: None,
                                            local: "dd.inner.phrasing",
                                        },
                                    ),
                                    Name(
                                        Name {
                                            prefix: None,
                                            local: "dd.attrs",
                                        },
                                    ),
                                ],
                            ),
                        },
                    },
                ),
                Definition(
                    Definition {
                        name: "dd.attrs",
                        combine: None,
                        pattern: Interleave(
                            [
                                Name(
                                    Name {
                                        prefix: None,
                                        local: "common.attrs",
                                    },
                                ),
                                Choice(
                                    [
                                        Name(
                                            Name {
                                                prefix: None,
                                                local: "common.attrs.aria.implicit.definition",
                                            },
                                        ),
                                        Name(
                                            Name {
                                                prefix: None,
                                                local: "common.attrs.aria.role.definition",
                                            },
                                        ),
                                    ],
                                ),
                            ],
                        ),
                    },
                ),
                Definition(
                    Definition {
                        name: "dd.inner",
                        combine: None,
                        pattern: Name(
                            Name {
                                prefix: None,
                                local: "common.inner.flow",
                            },
                        ),
                    },
                ),
                Definition(
                    Definition {
                        name: "dd.inner.phrasing",
                        combine: None,
                        pattern: Name(
                            Name {
                                prefix: None,
                                local: "common.inner.phrasing",
                            },
                        ),
                    },
                ),
                Definition(
                    Definition {
                        name: "div.elem",
                        combine: None,
                        pattern: Element {
                            name_class: Name(
                                Name {
                                    prefix: None,
                                    local: "div",
                                },
                            ),
                            pattern: Interleave(
                                [
                                    Name(
                                        Name {
                                            prefix: None,
                                            local: "div.inner",
                                        },
                                    ),
                                    Name(
                                        Name {
                                            prefix: None,
                                            local: "div.attrs",
                                        },
                                    ),
                                ],
                            ),
                        },
                    },
                ),
                Definition(
                    Definition {
                        name: "div.attrs",
                        combine: None,
                        pattern: Interleave(
                            [
                                Name(
                                    Name {
                                        prefix: None,
                                        local: "common.attrs",
                                    },
                                ),
                                Optional(
                                    Name(
                                        Name {
                                            prefix: None,
                                            local: "common.attrs.aria",
                                        },
                                    ),
                                ),
                            ],
                        ),
                    },
                ),
                Definition(
                    Definition {
                        name: "div.inner",
                        combine: None,
                        pattern: Name(
                            Name {
                                prefix: None,
                                local: "common.inner.flow",
                            },
                        ),
                    },
                ),
                Definition(
                    Definition {
                        name: "common.elem.flow",
                        combine: Some(
                            Choice,
                        ),
                        pattern: Name(
                            Name {
                                prefix: None,
                                local: "div.elem",
                            },
                        ),
                    },
                ),
                Definition(
                    Definition {
                        name: "dldiv.elem",
                        combine: None,
                        pattern: Element {
                            name_class: Name(
                                Name {
                                    prefix: None,
                                    local: "div",
                                },
                            ),
                            pattern: Interleave(
                                [
                                    Name(
                                        Name {
                                            prefix: None,
                                            local: "dldiv.inner",
                                        },
                                    ),
                                    Name(
                                        Name {
                                            prefix: None,
                                            local: "div.attrs",
                                        },
                                    ),
                                ],
                            ),
                        },
                    },
                ),
                Definition(
                    Definition {
                        name: "dldiv.inner",
                        combine: None,
                        pattern: Group(
                            [
                                Many1(
                                    Interleave(
                                        [
                                            Name(
                                                Name {
                                                    prefix: None,
                                                    local: "dt.elem",
                                                },
                                            ),
                                            Many0(
                                                Name(
                                                    Name {
                                                        prefix: None,
                                                        local: "common.elem.script-supporting",
                                                    },
                                                ),
                                            ),
                                        ],
                                    ),
                                ),
                                Many1(
                                    Interleave(
                                        [
                                            Name(
                                                Name {
                                                    prefix: None,
                                                    local: "dd.elem",
                                                },
                                            ),
                                            Many0(
                                                Name(
                                                    Name {
                                                        prefix: None,
                                                        local: "common.elem.script-supporting",
                                                    },
                                                ),
                                            ),
                                        ],
                                    ),
                                ),
                            ],
                        ),
                    },
                ),
                Definition(
                    Definition {
                        name: "legend.elem",
                        combine: None,
                        pattern: Element {
                            name_class: Name(
                                Name {
                                    prefix: None,
                                    local: "legend",
                                },
                            ),
                            pattern: Interleave(
                                [
                                    Name(
                                        Name {
                                            prefix: None,
                                            local: "legend.inner",
                                        },
                                    ),
                                    Name(
                                        Name {
                                            prefix: None,
                                            local: "legend.attrs",
                                        },
                                    ),
                                ],
                            ),
                        },
                    },
                ),
                Definition(
                    Definition {
                        name: "legend.attrs",
                        combine: None,
                        pattern: Name(
                            Name {
                                prefix: None,
                                local: "common.attrs",
                            },
                        ),
                    },
                ),
                Definition(
                    Definition {
                        name: "legend.inner",
                        combine: None,
                        pattern: Interleave(
                            [
                                Name(
                                    Name {
                                        prefix: None,
                                        local: "common.inner.phrasing",
                                    },
                                ),
                                Optional(
                                    Name(
                                        Name {
                                            prefix: None,
                                            local: "h1.elem",
                                        },
                                    ),
                                ),
                                Optional(
                                    Name(
                                        Name {
                                            prefix: None,
                                            local: "h2.elem",
                                        },
                                    ),
                                ),
                                Optional(
                                    Name(
                                        Name {
                                            prefix: None,
                                            local: "h3.elem",
                                        },
                                    ),
                                ),
                                Optional(
                                    Name(
                                        Name {
                                            prefix: None,
                                            local: "h4.elem",
                                        },
                                    ),
                                ),
                                Optional(
                                    Name(
                                        Name {
                                            prefix: None,
                                            local: "h5.elem",
                                        },
                                    ),
                                ),
                                Optional(
                                    Name(
                                        Name {
                                            prefix: None,
                                            local: "h6.elem",
                                        },
                                    ),
                                ),
                                Optional(
                                    Name(
                                        Name {
                                            prefix: None,
                                            local: "hgroup.elem",
                                        },
                                    ),
                                ),
                            ],
                        ),
                    },
                ),
            ],
        },
    ),
}
