---
source: rnc/src/parse.rs
expression: parse_schema(&read_to_string(&path).unwrap()).unwrap()
---
Schema {
    declarations: [
        DefaultNamespace(
            "http://www.w3.org/2000/svg",
        ),
        Namespace(
            NamespaceDeclaration {
                prefix: "a",
                uri: "http://relaxng.org/ns/compatibility/annotations/1.0",
            },
        ),
    ],
    body: Pattern(
        Grammar(
            Grammar {
                items: [
                    Definition(
                        Definition {
                            name: "MaskValue.datatype",
                            combine: None,
                            pattern: Name(
                                Name {
                                    prefix: Some(
                                        "xsd",
                                    ),
                                    local: "string",
                                },
                            ),
                        },
                    ),
                    Annotation(
                        Annotation {
                            name: Name {
                                prefix: Some(
                                    "a",
                                ),
                                local: "documentation",
                            },
                            attributes: [],
                        },
                    ),
                    Definition(
                        Definition {
                            name: "SVG.Mask.extra.attrib",
                            combine: None,
                            pattern: Empty,
                        },
                    ),
                    Definition(
                        Definition {
                            name: "SVG.Mask.attrib",
                            combine: Some(
                                Interleave,
                            ),
                            pattern: Group(
                                [
                                    Optional(
                                        Attribute {
                                            name_class: Name(
                                                Name {
                                                    prefix: None,
                                                    local: "mask",
                                                },
                                            ),
                                            pattern: Name(
                                                Name {
                                                    prefix: None,
                                                    local: "MaskValue.datatype",
                                                },
                                            ),
                                        },
                                    ),
                                    Name(
                                        Name {
                                            prefix: None,
                                            local: "SVG.Mask.extra.attrib",
                                        },
                                    ),
                                ],
                            ),
                        },
                    ),
                    Annotation(
                        Annotation {
                            name: Name {
                                prefix: Some(
                                    "a",
                                ),
                                local: "documentation",
                            },
                            attributes: [],
                        },
                    ),
                    Definition(
                        Definition {
                            name: "SVG.Mask.extra.class",
                            combine: None,
                            pattern: NotAllowed,
                        },
                    ),
                    Definition(
                        Definition {
                            name: "SVG.Mask.class",
                            combine: Some(
                                Choice,
                            ),
                            pattern: Choice(
                                [
                                    Name(
                                        Name {
                                            prefix: None,
                                            local: "mask",
                                        },
                                    ),
                                    Name(
                                        Name {
                                            prefix: None,
                                            local: "SVG.Mask.extra.class",
                                        },
                                    ),
                                ],
                            ),
                        },
                    ),
                    Annotation(
                        Annotation {
                            name: Name {
                                prefix: Some(
                                    "a",
                                ),
                                local: "documentation",
                            },
                            attributes: [],
                        },
                    ),
                    Definition(
                        Definition {
                            name: "SVG.mask.content",
                            combine: None,
                            pattern: Many0(
                                Choice(
                                    [
                                        Name(
                                            Name {
                                                prefix: None,
                                                local: "SVG.Description.class",
                                            },
                                        ),
                                        Name(
                                            Name {
                                                prefix: None,
                                                local: "SVG.Animation.class",
                                            },
                                        ),
                                        Name(
                                            Name {
                                                prefix: None,
                                                local: "SVG.Structure.class",
                                            },
                                        ),
                                        Name(
                                            Name {
                                                prefix: None,
                                                local: "SVG.Conditional.class",
                                            },
                                        ),
                                        Name(
                                            Name {
                                                prefix: None,
                                                local: "SVG.Image.class",
                                            },
                                        ),
                                        Name(
                                            Name {
                                                prefix: None,
                                                local: "SVG.Style.class",
                                            },
                                        ),
                                        Name(
                                            Name {
                                                prefix: None,
                                                local: "SVG.Shape.class",
                                            },
                                        ),
                                        Name(
                                            Name {
                                                prefix: None,
                                                local: "SVG.Text.class",
                                            },
                                        ),
                                        Name(
                                            Name {
                                                prefix: None,
                                                local: "SVG.Marker.class",
                                            },
                                        ),
                                        Name(
                                            Name {
                                                prefix: None,
                                                local: "SVG.Profile.class",
                                            },
                                        ),
                                        Name(
                                            Name {
                                                prefix: None,
                                                local: "SVG.Gradient.class",
                                            },
                                        ),
                                        Name(
                                            Name {
                                                prefix: None,
                                                local: "SVG.Pattern.class",
                                            },
                                        ),
                                        Name(
                                            Name {
                                                prefix: None,
                                                local: "SVG.Clip.class",
                                            },
                                        ),
                                        Name(
                                            Name {
                                                prefix: None,
                                                local: "SVG.Mask.class",
                                            },
                                        ),
                                        Name(
                                            Name {
                                                prefix: None,
                                                local: "SVG.Filter.class",
                                            },
                                        ),
                                        Name(
                                            Name {
                                                prefix: None,
                                                local: "SVG.Cursor.class",
                                            },
                                        ),
                                        Name(
                                            Name {
                                                prefix: None,
                                                local: "SVG.Hyperlink.class",
                                            },
                                        ),
                                        Name(
                                            Name {
                                                prefix: None,
                                                local: "SVG.View.class",
                                            },
                                        ),
                                        Name(
                                            Name {
                                                prefix: None,
                                                local: "SVG.Script.class",
                                            },
                                        ),
                                        Name(
                                            Name {
                                                prefix: None,
                                                local: "SVG.Font.class",
                                            },
                                        ),
                                    ],
                                ),
                            ),
                        },
                    ),
                    Definition(
                        Definition {
                            name: "mask",
                            combine: None,
                            pattern: Element {
                                name_class: Name(
                                    Name {
                                        prefix: None,
                                        local: "mask",
                                    },
                                ),
                                pattern: Group(
                                    [
                                        Name(
                                            Name {
                                                prefix: None,
                                                local: "attlist.mask",
                                            },
                                        ),
                                        Name(
                                            Name {
                                                prefix: None,
                                                local: "SVG.mask.content",
                                            },
                                        ),
                                    ],
                                ),
                            },
                        },
                    ),
                    Definition(
                        Definition {
                            name: "attlist.mask",
                            combine: Some(
                                Interleave,
                            ),
                            pattern: Group(
                                [
                                    Name(
                                        Name {
                                            prefix: None,
                                            local: "SVG.Core.attrib",
                                        },
                                    ),
                                    Name(
                                        Name {
                                            prefix: None,
                                            local: "SVG.Conditional.attrib",
                                        },
                                    ),
                                    Name(
                                        Name {
                                            prefix: None,
                                            local: "SVG.Style.attrib",
                                        },
                                    ),
                                    Name(
                                        Name {
                                            prefix: None,
                                            local: "SVG.Presentation.attrib",
                                        },
                                    ),
                                    Name(
                                        Name {
                                            prefix: None,
                                            local: "SVG.External.attrib",
                                        },
                                    ),
                                    Optional(
                                        Attribute {
                                            name_class: Name(
                                                Name {
                                                    prefix: None,
                                                    local: "x",
                                                },
                                            ),
                                            pattern: Name(
                                                Name {
                                                    prefix: None,
                                                    local: "Coordinate.datatype",
                                                },
                                            ),
                                        },
                                    ),
                                    Optional(
                                        Attribute {
                                            name_class: Name(
                                                Name {
                                                    prefix: None,
                                                    local: "y",
                                                },
                                            ),
                                            pattern: Name(
                                                Name {
                                                    prefix: None,
                                                    local: "Coordinate.datatype",
                                                },
                                            ),
                                        },
                                    ),
                                    Optional(
                                        Attribute {
                                            name_class: Name(
                                                Name {
                                                    prefix: None,
                                                    local: "width",
                                                },
                                            ),
                                            pattern: Name(
                                                Name {
                                                    prefix: None,
                                                    local: "Length.datatype",
                                                },
                                            ),
                                        },
                                    ),
                                    Optional(
                                        Attribute {
                                            name_class: Name(
                                                Name {
                                                    prefix: None,
                                                    local: "height",
                                                },
                                            ),
                                            pattern: Name(
                                                Name {
                                                    prefix: None,
                                                    local: "Length.datatype",
                                                },
                                            ),
                                        },
                                    ),
                                    Optional(
                                        Attribute {
                                            name_class: Name(
                                                Name {
                                                    prefix: None,
                                                    local: "maskUnits",
                                                },
                                            ),
                                            pattern: Choice(
                                                [
                                                    Value {
                                                        name: None,
                                                        value: "userSpaceOnUse",
                                                    },
                                                    Value {
                                                        name: None,
                                                        value: "objectBoundingBox",
                                                    },
                                                ],
                                            ),
                                        },
                                    ),
                                    Optional(
                                        Attribute {
                                            name_class: Name(
                                                Name {
                                                    prefix: None,
                                                    local: "maskContentUnits",
                                                },
                                            ),
                                            pattern: Choice(
                                                [
                                                    Value {
                                                        name: None,
                                                        value: "userSpaceOnUse",
                                                    },
                                                    Value {
                                                        name: None,
                                                        value: "objectBoundingBox",
                                                    },
                                                ],
                                            ),
                                        },
                                    ),
                                ],
                            ),
                        },
                    ),
                ],
            },
        ),
    ),
}
