---
source: rnc/src/parse.rs
expression: parse_schema(&read_to_string(&path).unwrap()).unwrap()
---
Schema {
    declarations: [
        Namespace(
            NamespaceDeclaration {
                prefix: Identifier {
                    components: [
                        "a",
                    ],
                },
                uri: "http://relaxng.org/ns/compatibility/annotations/1.0",
            },
        ),
    ],
    body: Pattern(
        Grammar(
            Grammar {
                contents: [
                    Definition(
                        Definition {
                            name: Identifier {
                                components: [
                                    "Paint",
                                    "datatype",
                                ],
                            },
                            combine: None,
                            pattern: Name(
                                Name {
                                    prefix: Some(
                                        Identifier {
                                            components: [
                                                "xsd",
                                            ],
                                        },
                                    ),
                                    local: Identifier {
                                        components: [
                                            "string",
                                        ],
                                    },
                                },
                            ),
                        },
                    ),
                    Definition(
                        Definition {
                            name: Identifier {
                                components: [
                                    "StrokeDashArrayValue",
                                    "datatype",
                                ],
                            },
                            combine: None,
                            pattern: Name(
                                Name {
                                    prefix: Some(
                                        Identifier {
                                            components: [
                                                "xsd",
                                            ],
                                        },
                                    ),
                                    local: Identifier {
                                        components: [
                                            "string",
                                        ],
                                    },
                                },
                            ),
                        },
                    ),
                    Definition(
                        Definition {
                            name: Identifier {
                                components: [
                                    "StrokeDashOffsetValue",
                                    "datatype",
                                ],
                            },
                            combine: None,
                            pattern: Name(
                                Name {
                                    prefix: Some(
                                        Identifier {
                                            components: [
                                                "xsd",
                                            ],
                                        },
                                    ),
                                    local: Identifier {
                                        components: [
                                            "string",
                                        ],
                                    },
                                },
                            ),
                        },
                    ),
                    Definition(
                        Definition {
                            name: Identifier {
                                components: [
                                    "StrokeMiterLimitValue",
                                    "datatype",
                                ],
                            },
                            combine: None,
                            pattern: Name(
                                Name {
                                    prefix: Some(
                                        Identifier {
                                            components: [
                                                "xsd",
                                            ],
                                        },
                                    ),
                                    local: Identifier {
                                        components: [
                                            "string",
                                        ],
                                    },
                                },
                            ),
                        },
                    ),
                    Definition(
                        Definition {
                            name: Identifier {
                                components: [
                                    "StrokeWidthValue",
                                    "datatype",
                                ],
                            },
                            combine: None,
                            pattern: Name(
                                Name {
                                    prefix: Some(
                                        Identifier {
                                            components: [
                                                "xsd",
                                            ],
                                        },
                                    ),
                                    local: Identifier {
                                        components: [
                                            "string",
                                        ],
                                    },
                                },
                            ),
                        },
                    ),
                    Definition(
                        Definition {
                            name: Identifier {
                                components: [
                                    "SVG",
                                    "fill",
                                    "attrib",
                                ],
                            },
                            combine: None,
                            pattern: Optional(
                                Attribute {
                                    name_class: Name(
                                        Name {
                                            prefix: None,
                                            local: Identifier {
                                                components: [
                                                    "fill",
                                                ],
                                            },
                                        },
                                    ),
                                    pattern: Name(
                                        Name {
                                            prefix: None,
                                            local: Identifier {
                                                components: [
                                                    "Paint",
                                                    "datatype",
                                                ],
                                            },
                                        },
                                    ),
                                },
                            ),
                        },
                    ),
                    Definition(
                        Definition {
                            name: Identifier {
                                components: [
                                    "SVG",
                                    "fill-rule",
                                    "attrib",
                                ],
                            },
                            combine: None,
                            pattern: Optional(
                                Attribute {
                                    name_class: Name(
                                        Name {
                                            prefix: None,
                                            local: Identifier {
                                                components: [
                                                    "fill-rule",
                                                ],
                                            },
                                        },
                                    ),
                                    pattern: Name(
                                        Name {
                                            prefix: None,
                                            local: Identifier {
                                                components: [
                                                    "ClipFillRule",
                                                    "datatype",
                                                ],
                                            },
                                        },
                                    ),
                                },
                            ),
                        },
                    ),
                    Definition(
                        Definition {
                            name: Identifier {
                                components: [
                                    "SVG",
                                    "paint-order",
                                    "attrib",
                                ],
                            },
                            combine: None,
                            pattern: Optional(
                                Attribute {
                                    name_class: Name(
                                        Name {
                                            prefix: None,
                                            local: Identifier {
                                                components: [
                                                    "paint-order",
                                                ],
                                            },
                                        },
                                    ),
                                    pattern: Choice(
                                        [
                                            List(
                                                Many1(
                                                    Choice(
                                                        [
                                                            Value {
                                                                name: None,
                                                                value: "fill",
                                                            },
                                                            Value {
                                                                name: None,
                                                                value: "stroke",
                                                            },
                                                            Value {
                                                                name: None,
                                                                value: "markers",
                                                            },
                                                        ],
                                                    ),
                                                ),
                                            ),
                                            Value {
                                                name: Some(
                                                    Name {
                                                        prefix: None,
                                                        local: Identifier {
                                                            components: [
                                                                "string",
                                                            ],
                                                        },
                                                    },
                                                ),
                                                value: "normal",
                                            },
                                        ],
                                    ),
                                },
                            ),
                        },
                    ),
                    Definition(
                        Definition {
                            name: Identifier {
                                components: [
                                    "SVG",
                                    "stroke",
                                    "attrib",
                                ],
                            },
                            combine: None,
                            pattern: Optional(
                                Attribute {
                                    name_class: Name(
                                        Name {
                                            prefix: None,
                                            local: Identifier {
                                                components: [
                                                    "stroke",
                                                ],
                                            },
                                        },
                                    ),
                                    pattern: Name(
                                        Name {
                                            prefix: None,
                                            local: Identifier {
                                                components: [
                                                    "Paint",
                                                    "datatype",
                                                ],
                                            },
                                        },
                                    ),
                                },
                            ),
                        },
                    ),
                    Definition(
                        Definition {
                            name: Identifier {
                                components: [
                                    "SVG",
                                    "stroke-dasharray",
                                    "attrib",
                                ],
                            },
                            combine: None,
                            pattern: Optional(
                                Attribute {
                                    name_class: Name(
                                        Name {
                                            prefix: None,
                                            local: Identifier {
                                                components: [
                                                    "stroke-dasharray",
                                                ],
                                            },
                                        },
                                    ),
                                    pattern: Name(
                                        Name {
                                            prefix: None,
                                            local: Identifier {
                                                components: [
                                                    "StrokeDashArrayValue",
                                                    "datatype",
                                                ],
                                            },
                                        },
                                    ),
                                },
                            ),
                        },
                    ),
                    Definition(
                        Definition {
                            name: Identifier {
                                components: [
                                    "SVG",
                                    "stroke-dashoffset",
                                    "attrib",
                                ],
                            },
                            combine: None,
                            pattern: Optional(
                                Attribute {
                                    name_class: Name(
                                        Name {
                                            prefix: None,
                                            local: Identifier {
                                                components: [
                                                    "stroke-dashoffset",
                                                ],
                                            },
                                        },
                                    ),
                                    pattern: Name(
                                        Name {
                                            prefix: None,
                                            local: Identifier {
                                                components: [
                                                    "StrokeDashOffsetValue",
                                                    "datatype",
                                                ],
                                            },
                                        },
                                    ),
                                },
                            ),
                        },
                    ),
                    Definition(
                        Definition {
                            name: Identifier {
                                components: [
                                    "SVG",
                                    "stroke-linecap",
                                    "attrib",
                                ],
                            },
                            combine: None,
                            pattern: Optional(
                                Attribute {
                                    name_class: Name(
                                        Name {
                                            prefix: None,
                                            local: Identifier {
                                                components: [
                                                    "stroke-linecap",
                                                ],
                                            },
                                        },
                                    ),
                                    pattern: Choice(
                                        [
                                            Value {
                                                name: None,
                                                value: "butt",
                                            },
                                            Value {
                                                name: None,
                                                value: "round",
                                            },
                                            Value {
                                                name: None,
                                                value: "square",
                                            },
                                            Value {
                                                name: None,
                                                value: "inherit",
                                            },
                                        ],
                                    ),
                                },
                            ),
                        },
                    ),
                    Definition(
                        Definition {
                            name: Identifier {
                                components: [
                                    "SVG",
                                    "stroke-linejoin",
                                    "attrib",
                                ],
                            },
                            combine: None,
                            pattern: Optional(
                                Attribute {
                                    name_class: Name(
                                        Name {
                                            prefix: None,
                                            local: Identifier {
                                                components: [
                                                    "stroke-linejoin",
                                                ],
                                            },
                                        },
                                    ),
                                    pattern: Choice(
                                        [
                                            Value {
                                                name: None,
                                                value: "miter",
                                            },
                                            Value {
                                                name: None,
                                                value: "round",
                                            },
                                            Value {
                                                name: None,
                                                value: "bevel",
                                            },
                                            Value {
                                                name: None,
                                                value: "inherit",
                                            },
                                        ],
                                    ),
                                },
                            ),
                        },
                    ),
                    Definition(
                        Definition {
                            name: Identifier {
                                components: [
                                    "SVG",
                                    "stroke-miterlimit",
                                    "attrib",
                                ],
                            },
                            combine: None,
                            pattern: Optional(
                                Attribute {
                                    name_class: Name(
                                        Name {
                                            prefix: None,
                                            local: Identifier {
                                                components: [
                                                    "stroke-miterlimit",
                                                ],
                                            },
                                        },
                                    ),
                                    pattern: Name(
                                        Name {
                                            prefix: None,
                                            local: Identifier {
                                                components: [
                                                    "StrokeMiterLimitValue",
                                                    "datatype",
                                                ],
                                            },
                                        },
                                    ),
                                },
                            ),
                        },
                    ),
                    Definition(
                        Definition {
                            name: Identifier {
                                components: [
                                    "SVG",
                                    "stroke-width",
                                    "attrib",
                                ],
                            },
                            combine: None,
                            pattern: Optional(
                                Attribute {
                                    name_class: Name(
                                        Name {
                                            prefix: None,
                                            local: Identifier {
                                                components: [
                                                    "stroke-width",
                                                ],
                                            },
                                        },
                                    ),
                                    pattern: Name(
                                        Name {
                                            prefix: None,
                                            local: Identifier {
                                                components: [
                                                    "StrokeWidthValue",
                                                    "datatype",
                                                ],
                                            },
                                        },
                                    ),
                                },
                            ),
                        },
                    ),
                    Definition(
                        Definition {
                            name: Identifier {
                                components: [
                                    "SVG",
                                    "Paint",
                                    "extra",
                                    "attrib",
                                ],
                            },
                            combine: None,
                            pattern: Empty,
                        },
                    ),
                    Definition(
                        Definition {
                            name: Identifier {
                                components: [
                                    "SVG",
                                    "Paint",
                                    "attrib",
                                ],
                            },
                            combine: Some(
                                Interleave,
                            ),
                            pattern: Group(
                                [
                                    Name(
                                        Name {
                                            prefix: None,
                                            local: Identifier {
                                                components: [
                                                    "SVG",
                                                    "fill",
                                                    "attrib",
                                                ],
                                            },
                                        },
                                    ),
                                    Name(
                                        Name {
                                            prefix: None,
                                            local: Identifier {
                                                components: [
                                                    "SVG",
                                                    "fill-rule",
                                                    "attrib",
                                                ],
                                            },
                                        },
                                    ),
                                    Name(
                                        Name {
                                            prefix: None,
                                            local: Identifier {
                                                components: [
                                                    "SVG",
                                                    "paint-order",
                                                    "attrib",
                                                ],
                                            },
                                        },
                                    ),
                                    Name(
                                        Name {
                                            prefix: None,
                                            local: Identifier {
                                                components: [
                                                    "SVG",
                                                    "stroke",
                                                    "attrib",
                                                ],
                                            },
                                        },
                                    ),
                                    Name(
                                        Name {
                                            prefix: None,
                                            local: Identifier {
                                                components: [
                                                    "SVG",
                                                    "stroke-dasharray",
                                                    "attrib",
                                                ],
                                            },
                                        },
                                    ),
                                    Name(
                                        Name {
                                            prefix: None,
                                            local: Identifier {
                                                components: [
                                                    "SVG",
                                                    "stroke-dashoffset",
                                                    "attrib",
                                                ],
                                            },
                                        },
                                    ),
                                    Name(
                                        Name {
                                            prefix: None,
                                            local: Identifier {
                                                components: [
                                                    "SVG",
                                                    "stroke-linecap",
                                                    "attrib",
                                                ],
                                            },
                                        },
                                    ),
                                    Name(
                                        Name {
                                            prefix: None,
                                            local: Identifier {
                                                components: [
                                                    "SVG",
                                                    "stroke-linejoin",
                                                    "attrib",
                                                ],
                                            },
                                        },
                                    ),
                                    Name(
                                        Name {
                                            prefix: None,
                                            local: Identifier {
                                                components: [
                                                    "SVG",
                                                    "stroke-miterlimit",
                                                    "attrib",
                                                ],
                                            },
                                        },
                                    ),
                                    Name(
                                        Name {
                                            prefix: None,
                                            local: Identifier {
                                                components: [
                                                    "SVG",
                                                    "stroke-width",
                                                    "attrib",
                                                ],
                                            },
                                        },
                                    ),
                                    Name(
                                        Name {
                                            prefix: None,
                                            local: Identifier {
                                                components: [
                                                    "SVG",
                                                    "Paint",
                                                    "extra",
                                                    "attrib",
                                                ],
                                            },
                                        },
                                    ),
                                ],
                            ),
                        },
                    ),
                    Definition(
                        Definition {
                            name: Identifier {
                                components: [
                                    "SVG",
                                    "color",
                                    "attrib",
                                ],
                            },
                            combine: None,
                            pattern: Optional(
                                Attribute {
                                    name_class: Name(
                                        Name {
                                            prefix: None,
                                            local: Identifier {
                                                components: [
                                                    "color",
                                                ],
                                            },
                                        },
                                    ),
                                    pattern: Name(
                                        Name {
                                            prefix: None,
                                            local: Identifier {
                                                components: [
                                                    "Color",
                                                    "datatype",
                                                ],
                                            },
                                        },
                                    ),
                                },
                            ),
                        },
                    ),
                    Definition(
                        Definition {
                            name: Identifier {
                                components: [
                                    "SVG",
                                    "color-interpolation",
                                    "attrib",
                                ],
                            },
                            combine: None,
                            pattern: Optional(
                                Attribute {
                                    name_class: Name(
                                        Name {
                                            prefix: None,
                                            local: Identifier {
                                                components: [
                                                    "color-interpolation",
                                                ],
                                            },
                                        },
                                    ),
                                    pattern: Choice(
                                        [
                                            Value {
                                                name: None,
                                                value: "auto",
                                            },
                                            Value {
                                                name: None,
                                                value: "sRGB",
                                            },
                                            Value {
                                                name: None,
                                                value: "linearRGB",
                                            },
                                            Value {
                                                name: None,
                                                value: "inherit",
                                            },
                                        ],
                                    ),
                                },
                            ),
                        },
                    ),
                    Definition(
                        Definition {
                            name: Identifier {
                                components: [
                                    "SVG",
                                    "color-rendering",
                                    "attrib",
                                ],
                            },
                            combine: None,
                            pattern: Optional(
                                Attribute {
                                    name_class: Name(
                                        Name {
                                            prefix: None,
                                            local: Identifier {
                                                components: [
                                                    "color-rendering",
                                                ],
                                            },
                                        },
                                    ),
                                    pattern: Choice(
                                        [
                                            Value {
                                                name: None,
                                                value: "auto",
                                            },
                                            Value {
                                                name: None,
                                                value: "optimizeSpeed",
                                            },
                                            Value {
                                                name: None,
                                                value: "optimizeQuality",
                                            },
                                            Value {
                                                name: None,
                                                value: "inherit",
                                            },
                                        ],
                                    ),
                                },
                            ),
                        },
                    ),
                    Definition(
                        Definition {
                            name: Identifier {
                                components: [
                                    "SVG",
                                    "Color",
                                    "extra",
                                    "attrib",
                                ],
                            },
                            combine: None,
                            pattern: Empty,
                        },
                    ),
                    Definition(
                        Definition {
                            name: Identifier {
                                components: [
                                    "SVG",
                                    "Color",
                                    "attrib",
                                ],
                            },
                            combine: Some(
                                Interleave,
                            ),
                            pattern: Group(
                                [
                                    Name(
                                        Name {
                                            prefix: None,
                                            local: Identifier {
                                                components: [
                                                    "SVG",
                                                    "color",
                                                    "attrib",
                                                ],
                                            },
                                        },
                                    ),
                                    Name(
                                        Name {
                                            prefix: None,
                                            local: Identifier {
                                                components: [
                                                    "SVG",
                                                    "color-interpolation",
                                                    "attrib",
                                                ],
                                            },
                                        },
                                    ),
                                    Name(
                                        Name {
                                            prefix: None,
                                            local: Identifier {
                                                components: [
                                                    "SVG",
                                                    "color-rendering",
                                                    "attrib",
                                                ],
                                            },
                                        },
                                    ),
                                    Name(
                                        Name {
                                            prefix: None,
                                            local: Identifier {
                                                components: [
                                                    "SVG",
                                                    "Color",
                                                    "extra",
                                                    "attrib",
                                                ],
                                            },
                                        },
                                    ),
                                ],
                            ),
                        },
                    ),
                ],
            },
        ),
    ),
}
