---
source: rnc/src/parse.rs
expression: parse_schema(&read_to_string(&path).unwrap()).unwrap()
---
Schema {
    declarations: [
        DefaultNamespace(
            "http://www.w3.org/2000/svg",
        ),
        Namespace(
            NamespaceDeclaration {
                prefix: Identifier {
                    component: "a",
                    sub_components: [],
                },
                uri: "http://relaxng.org/ns/compatibility/annotations/1.0",
            },
        ),
    ],
    body: Pattern(
        Grammar(
            Grammar {
                contents: [
                    Definition(
                        Definition {
                            name: Identifier {
                                component: "NumberOrPercentage",
                                sub_components: [
                                    "datatype",
                                ],
                            },
                            combine: None,
                            pattern: Data {
                                name: Name {
                                    prefix: Some(
                                        Identifier {
                                            component: "xsd",
                                            sub_components: [],
                                        },
                                    ),
                                    local: Identifier {
                                        component: "string",
                                        sub_components: [],
                                    },
                                },
                                parameters: [],
                                except: None,
                            },
                        },
                    ),
                    Annotation(
                        AnnotationElement {
                            name: Name {
                                prefix: Some(
                                    Identifier {
                                        component: "a",
                                        sub_components: [],
                                    },
                                ),
                                local: Identifier {
                                    component: "documentation",
                                    sub_components: [],
                                },
                            },
                            attributes: [],
                        },
                    ),
                    Definition(
                        Definition {
                            name: Identifier {
                                component: "SVG",
                                sub_components: [
                                    "Gradient",
                                    "extra",
                                    "attrib",
                                ],
                            },
                            combine: None,
                            pattern: Empty,
                        },
                    ),
                    Definition(
                        Definition {
                            name: Identifier {
                                component: "SVG",
                                sub_components: [
                                    "Gradient",
                                    "attrib",
                                ],
                            },
                            combine: Some(
                                Interleave,
                            ),
                            pattern: Group(
                                [
                                    Optional(
                                        Attribute {
                                            name_class: Name(
                                                Name {
                                                    prefix: None,
                                                    local: Identifier {
                                                        component: "stop-color",
                                                        sub_components: [],
                                                    },
                                                },
                                            ),
                                            pattern: Name(
                                                Name {
                                                    prefix: None,
                                                    local: Identifier {
                                                        component: "SVGColor",
                                                        sub_components: [
                                                            "datatype",
                                                        ],
                                                    },
                                                },
                                            ),
                                        },
                                    ),
                                    Optional(
                                        Attribute {
                                            name_class: Name(
                                                Name {
                                                    prefix: None,
                                                    local: Identifier {
                                                        component: "stop-opacity",
                                                        sub_components: [],
                                                    },
                                                },
                                            ),
                                            pattern: Name(
                                                Name {
                                                    prefix: None,
                                                    local: Identifier {
                                                        component: "OpacityValue",
                                                        sub_components: [
                                                            "datatype",
                                                        ],
                                                    },
                                                },
                                            ),
                                        },
                                    ),
                                    Name(
                                        Name {
                                            prefix: None,
                                            local: Identifier {
                                                component: "SVG",
                                                sub_components: [
                                                    "Gradient",
                                                    "extra",
                                                    "attrib",
                                                ],
                                            },
                                        },
                                    ),
                                ],
                            ),
                        },
                    ),
                    Annotation(
                        AnnotationElement {
                            name: Name {
                                prefix: Some(
                                    Identifier {
                                        component: "a",
                                        sub_components: [],
                                    },
                                ),
                                local: Identifier {
                                    component: "documentation",
                                    sub_components: [],
                                },
                            },
                            attributes: [],
                        },
                    ),
                    Definition(
                        Definition {
                            name: Identifier {
                                component: "SVG",
                                sub_components: [
                                    "Gradient",
                                    "extra",
                                    "class",
                                ],
                            },
                            combine: None,
                            pattern: NotAllowed,
                        },
                    ),
                    Definition(
                        Definition {
                            name: Identifier {
                                component: "SVG",
                                sub_components: [
                                    "Gradient",
                                    "class",
                                ],
                            },
                            combine: Some(
                                Choice,
                            ),
                            pattern: Choice(
                                [
                                    Name(
                                        Name {
                                            prefix: None,
                                            local: Identifier {
                                                component: "linearGradient",
                                                sub_components: [],
                                            },
                                        },
                                    ),
                                    Name(
                                        Name {
                                            prefix: None,
                                            local: Identifier {
                                                component: "radialGradient",
                                                sub_components: [],
                                            },
                                        },
                                    ),
                                    Name(
                                        Name {
                                            prefix: None,
                                            local: Identifier {
                                                component: "SVG",
                                                sub_components: [
                                                    "Gradient",
                                                    "extra",
                                                    "class",
                                                ],
                                            },
                                        },
                                    ),
                                ],
                            ),
                        },
                    ),
                    Annotation(
                        AnnotationElement {
                            name: Name {
                                prefix: Some(
                                    Identifier {
                                        component: "a",
                                        sub_components: [],
                                    },
                                ),
                                local: Identifier {
                                    component: "documentation",
                                    sub_components: [],
                                },
                            },
                            attributes: [],
                        },
                    ),
                    Definition(
                        Definition {
                            name: Identifier {
                                component: "SVG",
                                sub_components: [
                                    "linearGradient",
                                    "content",
                                ],
                            },
                            combine: None,
                            pattern: Group(
                                [
                                    Many0(
                                        Name(
                                            Name {
                                                prefix: None,
                                                local: Identifier {
                                                    component: "SVG",
                                                    sub_components: [
                                                        "Description",
                                                        "class",
                                                    ],
                                                },
                                            },
                                        ),
                                    ),
                                    Many0(
                                        Choice(
                                            [
                                                Name(
                                                    Name {
                                                        prefix: None,
                                                        local: Identifier {
                                                            component: "stop",
                                                            sub_components: [],
                                                        },
                                                    },
                                                ),
                                                Name(
                                                    Name {
                                                        prefix: None,
                                                        local: Identifier {
                                                            component: "animate",
                                                            sub_components: [],
                                                        },
                                                    },
                                                ),
                                                Name(
                                                    Name {
                                                        prefix: None,
                                                        local: Identifier {
                                                            component: "set",
                                                            sub_components: [],
                                                        },
                                                    },
                                                ),
                                                Name(
                                                    Name {
                                                        prefix: None,
                                                        local: Identifier {
                                                            component: "animateTransform",
                                                            sub_components: [],
                                                        },
                                                    },
                                                ),
                                            ],
                                        ),
                                    ),
                                ],
                            ),
                        },
                    ),
                    Definition(
                        Definition {
                            name: Identifier {
                                component: "linearGradient",
                                sub_components: [],
                            },
                            combine: None,
                            pattern: Element {
                                name_class: Name(
                                    Name {
                                        prefix: None,
                                        local: Identifier {
                                            component: "linearGradient",
                                            sub_components: [],
                                        },
                                    },
                                ),
                                pattern: Group(
                                    [
                                        Name(
                                            Name {
                                                prefix: None,
                                                local: Identifier {
                                                    component: "attlist",
                                                    sub_components: [
                                                        "linearGradient",
                                                    ],
                                                },
                                            },
                                        ),
                                        Name(
                                            Name {
                                                prefix: None,
                                                local: Identifier {
                                                    component: "SVG",
                                                    sub_components: [
                                                        "linearGradient",
                                                        "content",
                                                    ],
                                                },
                                            },
                                        ),
                                    ],
                                ),
                            },
                        },
                    ),
                    Definition(
                        Definition {
                            name: Identifier {
                                component: "attlist",
                                sub_components: [
                                    "linearGradient",
                                ],
                            },
                            combine: Some(
                                Interleave,
                            ),
                            pattern: Group(
                                [
                                    Name(
                                        Name {
                                            prefix: None,
                                            local: Identifier {
                                                component: "SVG",
                                                sub_components: [
                                                    "Core",
                                                    "attrib",
                                                ],
                                            },
                                        },
                                    ),
                                    Name(
                                        Name {
                                            prefix: None,
                                            local: Identifier {
                                                component: "SVG",
                                                sub_components: [
                                                    "Style",
                                                    "attrib",
                                                ],
                                            },
                                        },
                                    ),
                                    Name(
                                        Name {
                                            prefix: None,
                                            local: Identifier {
                                                component: "SVG",
                                                sub_components: [
                                                    "Color",
                                                    "attrib",
                                                ],
                                            },
                                        },
                                    ),
                                    Name(
                                        Name {
                                            prefix: None,
                                            local: Identifier {
                                                component: "SVG",
                                                sub_components: [
                                                    "Gradient",
                                                    "attrib",
                                                ],
                                            },
                                        },
                                    ),
                                    Name(
                                        Name {
                                            prefix: None,
                                            local: Identifier {
                                                component: "SVG",
                                                sub_components: [
                                                    "XLink",
                                                    "attrib",
                                                ],
                                            },
                                        },
                                    ),
                                    Name(
                                        Name {
                                            prefix: None,
                                            local: Identifier {
                                                component: "SVG",
                                                sub_components: [
                                                    "External",
                                                    "attrib",
                                                ],
                                            },
                                        },
                                    ),
                                    Optional(
                                        Attribute {
                                            name_class: Name(
                                                Name {
                                                    prefix: None,
                                                    local: Identifier {
                                                        component: "x1",
                                                        sub_components: [],
                                                    },
                                                },
                                            ),
                                            pattern: Name(
                                                Name {
                                                    prefix: None,
                                                    local: Identifier {
                                                        component: "Coordinate",
                                                        sub_components: [
                                                            "datatype",
                                                        ],
                                                    },
                                                },
                                            ),
                                        },
                                    ),
                                    Optional(
                                        Attribute {
                                            name_class: Name(
                                                Name {
                                                    prefix: None,
                                                    local: Identifier {
                                                        component: "y1",
                                                        sub_components: [],
                                                    },
                                                },
                                            ),
                                            pattern: Name(
                                                Name {
                                                    prefix: None,
                                                    local: Identifier {
                                                        component: "Coordinate",
                                                        sub_components: [
                                                            "datatype",
                                                        ],
                                                    },
                                                },
                                            ),
                                        },
                                    ),
                                    Optional(
                                        Attribute {
                                            name_class: Name(
                                                Name {
                                                    prefix: None,
                                                    local: Identifier {
                                                        component: "x2",
                                                        sub_components: [],
                                                    },
                                                },
                                            ),
                                            pattern: Name(
                                                Name {
                                                    prefix: None,
                                                    local: Identifier {
                                                        component: "Coordinate",
                                                        sub_components: [
                                                            "datatype",
                                                        ],
                                                    },
                                                },
                                            ),
                                        },
                                    ),
                                    Optional(
                                        Attribute {
                                            name_class: Name(
                                                Name {
                                                    prefix: None,
                                                    local: Identifier {
                                                        component: "y2",
                                                        sub_components: [],
                                                    },
                                                },
                                            ),
                                            pattern: Name(
                                                Name {
                                                    prefix: None,
                                                    local: Identifier {
                                                        component: "Coordinate",
                                                        sub_components: [
                                                            "datatype",
                                                        ],
                                                    },
                                                },
                                            ),
                                        },
                                    ),
                                    Optional(
                                        Attribute {
                                            name_class: Name(
                                                Name {
                                                    prefix: None,
                                                    local: Identifier {
                                                        component: "gradientUnits",
                                                        sub_components: [],
                                                    },
                                                },
                                            ),
                                            pattern: Choice(
                                                [
                                                    Value {
                                                        name: Some(
                                                            Name {
                                                                prefix: None,
                                                                local: Identifier {
                                                                    component: "string",
                                                                    sub_components: [],
                                                                },
                                                            },
                                                        ),
                                                        value: "userSpaceOnUse",
                                                    },
                                                    Value {
                                                        name: Some(
                                                            Name {
                                                                prefix: None,
                                                                local: Identifier {
                                                                    component: "string",
                                                                    sub_components: [],
                                                                },
                                                            },
                                                        ),
                                                        value: "objectBoundingBox",
                                                    },
                                                ],
                                            ),
                                        },
                                    ),
                                    Optional(
                                        Attribute {
                                            name_class: Name(
                                                Name {
                                                    prefix: None,
                                                    local: Identifier {
                                                        component: "gradientTransform",
                                                        sub_components: [],
                                                    },
                                                },
                                            ),
                                            pattern: Name(
                                                Name {
                                                    prefix: None,
                                                    local: Identifier {
                                                        component: "TransformList",
                                                        sub_components: [
                                                            "datatype",
                                                        ],
                                                    },
                                                },
                                            ),
                                        },
                                    ),
                                    Optional(
                                        Attribute {
                                            name_class: Name(
                                                Name {
                                                    prefix: None,
                                                    local: Identifier {
                                                        component: "spreadMethod",
                                                        sub_components: [],
                                                    },
                                                },
                                            ),
                                            pattern: Choice(
                                                [
                                                    Value {
                                                        name: Some(
                                                            Name {
                                                                prefix: None,
                                                                local: Identifier {
                                                                    component: "string",
                                                                    sub_components: [],
                                                                },
                                                            },
                                                        ),
                                                        value: "pad",
                                                    },
                                                    Value {
                                                        name: Some(
                                                            Name {
                                                                prefix: None,
                                                                local: Identifier {
                                                                    component: "string",
                                                                    sub_components: [],
                                                                },
                                                            },
                                                        ),
                                                        value: "reflect",
                                                    },
                                                    Value {
                                                        name: Some(
                                                            Name {
                                                                prefix: None,
                                                                local: Identifier {
                                                                    component: "string",
                                                                    sub_components: [],
                                                                },
                                                            },
                                                        ),
                                                        value: "repeat",
                                                    },
                                                ],
                                            ),
                                        },
                                    ),
                                ],
                            ),
                        },
                    ),
                    Annotation(
                        AnnotationElement {
                            name: Name {
                                prefix: Some(
                                    Identifier {
                                        component: "a",
                                        sub_components: [],
                                    },
                                ),
                                local: Identifier {
                                    component: "documentation",
                                    sub_components: [],
                                },
                            },
                            attributes: [],
                        },
                    ),
                    Definition(
                        Definition {
                            name: Identifier {
                                component: "SVG",
                                sub_components: [
                                    "radialGradient",
                                    "content",
                                ],
                            },
                            combine: None,
                            pattern: Group(
                                [
                                    Many0(
                                        Name(
                                            Name {
                                                prefix: None,
                                                local: Identifier {
                                                    component: "SVG",
                                                    sub_components: [
                                                        "Description",
                                                        "class",
                                                    ],
                                                },
                                            },
                                        ),
                                    ),
                                    Many0(
                                        Choice(
                                            [
                                                Name(
                                                    Name {
                                                        prefix: None,
                                                        local: Identifier {
                                                            component: "stop",
                                                            sub_components: [],
                                                        },
                                                    },
                                                ),
                                                Name(
                                                    Name {
                                                        prefix: None,
                                                        local: Identifier {
                                                            component: "animate",
                                                            sub_components: [],
                                                        },
                                                    },
                                                ),
                                                Name(
                                                    Name {
                                                        prefix: None,
                                                        local: Identifier {
                                                            component: "set",
                                                            sub_components: [],
                                                        },
                                                    },
                                                ),
                                                Name(
                                                    Name {
                                                        prefix: None,
                                                        local: Identifier {
                                                            component: "animateTransform",
                                                            sub_components: [],
                                                        },
                                                    },
                                                ),
                                            ],
                                        ),
                                    ),
                                ],
                            ),
                        },
                    ),
                    Definition(
                        Definition {
                            name: Identifier {
                                component: "radialGradient",
                                sub_components: [],
                            },
                            combine: None,
                            pattern: Element {
                                name_class: Name(
                                    Name {
                                        prefix: None,
                                        local: Identifier {
                                            component: "radialGradient",
                                            sub_components: [],
                                        },
                                    },
                                ),
                                pattern: Group(
                                    [
                                        Name(
                                            Name {
                                                prefix: None,
                                                local: Identifier {
                                                    component: "attlist",
                                                    sub_components: [
                                                        "radialGradient",
                                                    ],
                                                },
                                            },
                                        ),
                                        Name(
                                            Name {
                                                prefix: None,
                                                local: Identifier {
                                                    component: "SVG",
                                                    sub_components: [
                                                        "radialGradient",
                                                        "content",
                                                    ],
                                                },
                                            },
                                        ),
                                    ],
                                ),
                            },
                        },
                    ),
                    Definition(
                        Definition {
                            name: Identifier {
                                component: "attlist",
                                sub_components: [
                                    "radialGradient",
                                ],
                            },
                            combine: Some(
                                Interleave,
                            ),
                            pattern: Group(
                                [
                                    Name(
                                        Name {
                                            prefix: None,
                                            local: Identifier {
                                                component: "SVG",
                                                sub_components: [
                                                    "Core",
                                                    "attrib",
                                                ],
                                            },
                                        },
                                    ),
                                    Name(
                                        Name {
                                            prefix: None,
                                            local: Identifier {
                                                component: "SVG",
                                                sub_components: [
                                                    "Style",
                                                    "attrib",
                                                ],
                                            },
                                        },
                                    ),
                                    Name(
                                        Name {
                                            prefix: None,
                                            local: Identifier {
                                                component: "SVG",
                                                sub_components: [
                                                    "Color",
                                                    "attrib",
                                                ],
                                            },
                                        },
                                    ),
                                    Name(
                                        Name {
                                            prefix: None,
                                            local: Identifier {
                                                component: "SVG",
                                                sub_components: [
                                                    "Gradient",
                                                    "attrib",
                                                ],
                                            },
                                        },
                                    ),
                                    Name(
                                        Name {
                                            prefix: None,
                                            local: Identifier {
                                                component: "SVG",
                                                sub_components: [
                                                    "XLink",
                                                    "attrib",
                                                ],
                                            },
                                        },
                                    ),
                                    Name(
                                        Name {
                                            prefix: None,
                                            local: Identifier {
                                                component: "SVG",
                                                sub_components: [
                                                    "External",
                                                    "attrib",
                                                ],
                                            },
                                        },
                                    ),
                                    Optional(
                                        Attribute {
                                            name_class: Name(
                                                Name {
                                                    prefix: None,
                                                    local: Identifier {
                                                        component: "cx",
                                                        sub_components: [],
                                                    },
                                                },
                                            ),
                                            pattern: Name(
                                                Name {
                                                    prefix: None,
                                                    local: Identifier {
                                                        component: "Coordinate",
                                                        sub_components: [
                                                            "datatype",
                                                        ],
                                                    },
                                                },
                                            ),
                                        },
                                    ),
                                    Optional(
                                        Attribute {
                                            name_class: Name(
                                                Name {
                                                    prefix: None,
                                                    local: Identifier {
                                                        component: "cy",
                                                        sub_components: [],
                                                    },
                                                },
                                            ),
                                            pattern: Name(
                                                Name {
                                                    prefix: None,
                                                    local: Identifier {
                                                        component: "Coordinate",
                                                        sub_components: [
                                                            "datatype",
                                                        ],
                                                    },
                                                },
                                            ),
                                        },
                                    ),
                                    Optional(
                                        Attribute {
                                            name_class: Name(
                                                Name {
                                                    prefix: None,
                                                    local: Identifier {
                                                        component: "r",
                                                        sub_components: [],
                                                    },
                                                },
                                            ),
                                            pattern: Name(
                                                Name {
                                                    prefix: None,
                                                    local: Identifier {
                                                        component: "Length",
                                                        sub_components: [
                                                            "datatype",
                                                        ],
                                                    },
                                                },
                                            ),
                                        },
                                    ),
                                    Optional(
                                        Attribute {
                                            name_class: Name(
                                                Name {
                                                    prefix: None,
                                                    local: Identifier {
                                                        component: "fx",
                                                        sub_components: [],
                                                    },
                                                },
                                            ),
                                            pattern: Name(
                                                Name {
                                                    prefix: None,
                                                    local: Identifier {
                                                        component: "Coordinate",
                                                        sub_components: [
                                                            "datatype",
                                                        ],
                                                    },
                                                },
                                            ),
                                        },
                                    ),
                                    Optional(
                                        Attribute {
                                            name_class: Name(
                                                Name {
                                                    prefix: None,
                                                    local: Identifier {
                                                        component: "fy",
                                                        sub_components: [],
                                                    },
                                                },
                                            ),
                                            pattern: Name(
                                                Name {
                                                    prefix: None,
                                                    local: Identifier {
                                                        component: "Coordinate",
                                                        sub_components: [
                                                            "datatype",
                                                        ],
                                                    },
                                                },
                                            ),
                                        },
                                    ),
                                    Optional(
                                        Attribute {
                                            name_class: Name(
                                                Name {
                                                    prefix: None,
                                                    local: Identifier {
                                                        component: "gradientUnits",
                                                        sub_components: [],
                                                    },
                                                },
                                            ),
                                            pattern: Choice(
                                                [
                                                    Value {
                                                        name: Some(
                                                            Name {
                                                                prefix: None,
                                                                local: Identifier {
                                                                    component: "string",
                                                                    sub_components: [],
                                                                },
                                                            },
                                                        ),
                                                        value: "userSpaceOnUse",
                                                    },
                                                    Value {
                                                        name: Some(
                                                            Name {
                                                                prefix: None,
                                                                local: Identifier {
                                                                    component: "string",
                                                                    sub_components: [],
                                                                },
                                                            },
                                                        ),
                                                        value: "objectBoundingBox",
                                                    },
                                                ],
                                            ),
                                        },
                                    ),
                                    Optional(
                                        Attribute {
                                            name_class: Name(
                                                Name {
                                                    prefix: None,
                                                    local: Identifier {
                                                        component: "gradientTransform",
                                                        sub_components: [],
                                                    },
                                                },
                                            ),
                                            pattern: Name(
                                                Name {
                                                    prefix: None,
                                                    local: Identifier {
                                                        component: "TransformList",
                                                        sub_components: [
                                                            "datatype",
                                                        ],
                                                    },
                                                },
                                            ),
                                        },
                                    ),
                                    Optional(
                                        Attribute {
                                            name_class: Name(
                                                Name {
                                                    prefix: None,
                                                    local: Identifier {
                                                        component: "spreadMethod",
                                                        sub_components: [],
                                                    },
                                                },
                                            ),
                                            pattern: Choice(
                                                [
                                                    Value {
                                                        name: Some(
                                                            Name {
                                                                prefix: None,
                                                                local: Identifier {
                                                                    component: "string",
                                                                    sub_components: [],
                                                                },
                                                            },
                                                        ),
                                                        value: "pad",
                                                    },
                                                    Value {
                                                        name: Some(
                                                            Name {
                                                                prefix: None,
                                                                local: Identifier {
                                                                    component: "string",
                                                                    sub_components: [],
                                                                },
                                                            },
                                                        ),
                                                        value: "reflect",
                                                    },
                                                    Value {
                                                        name: Some(
                                                            Name {
                                                                prefix: None,
                                                                local: Identifier {
                                                                    component: "string",
                                                                    sub_components: [],
                                                                },
                                                            },
                                                        ),
                                                        value: "repeat",
                                                    },
                                                ],
                                            ),
                                        },
                                    ),
                                ],
                            ),
                        },
                    ),
                    Annotation(
                        AnnotationElement {
                            name: Name {
                                prefix: Some(
                                    Identifier {
                                        component: "a",
                                        sub_components: [],
                                    },
                                ),
                                local: Identifier {
                                    component: "documentation",
                                    sub_components: [],
                                },
                            },
                            attributes: [],
                        },
                    ),
                    Definition(
                        Definition {
                            name: Identifier {
                                component: "SVG",
                                sub_components: [
                                    "stop",
                                    "content",
                                ],
                            },
                            combine: None,
                            pattern: Many0(
                                Choice(
                                    [
                                        Name(
                                            Name {
                                                prefix: None,
                                                local: Identifier {
                                                    component: "animate",
                                                    sub_components: [],
                                                },
                                            },
                                        ),
                                        Name(
                                            Name {
                                                prefix: None,
                                                local: Identifier {
                                                    component: "set",
                                                    sub_components: [],
                                                },
                                            },
                                        ),
                                        Name(
                                            Name {
                                                prefix: None,
                                                local: Identifier {
                                                    component: "animateColor",
                                                    sub_components: [],
                                                },
                                            },
                                        ),
                                    ],
                                ),
                            ),
                        },
                    ),
                    Definition(
                        Definition {
                            name: Identifier {
                                component: "stop",
                                sub_components: [],
                            },
                            combine: None,
                            pattern: Element {
                                name_class: Name(
                                    Name {
                                        prefix: None,
                                        local: Identifier {
                                            component: "stop",
                                            sub_components: [],
                                        },
                                    },
                                ),
                                pattern: Group(
                                    [
                                        Name(
                                            Name {
                                                prefix: None,
                                                local: Identifier {
                                                    component: "attlist",
                                                    sub_components: [
                                                        "stop",
                                                    ],
                                                },
                                            },
                                        ),
                                        Name(
                                            Name {
                                                prefix: None,
                                                local: Identifier {
                                                    component: "SVG",
                                                    sub_components: [
                                                        "stop",
                                                        "content",
                                                    ],
                                                },
                                            },
                                        ),
                                    ],
                                ),
                            },
                        },
                    ),
                    Definition(
                        Definition {
                            name: Identifier {
                                component: "attlist",
                                sub_components: [
                                    "stop",
                                ],
                            },
                            combine: Some(
                                Interleave,
                            ),
                            pattern: Group(
                                [
                                    Name(
                                        Name {
                                            prefix: None,
                                            local: Identifier {
                                                component: "SVG",
                                                sub_components: [
                                                    "Core",
                                                    "attrib",
                                                ],
                                            },
                                        },
                                    ),
                                    Name(
                                        Name {
                                            prefix: None,
                                            local: Identifier {
                                                component: "SVG",
                                                sub_components: [
                                                    "Style",
                                                    "attrib",
                                                ],
                                            },
                                        },
                                    ),
                                    Name(
                                        Name {
                                            prefix: None,
                                            local: Identifier {
                                                component: "SVG",
                                                sub_components: [
                                                    "Color",
                                                    "attrib",
                                                ],
                                            },
                                        },
                                    ),
                                    Name(
                                        Name {
                                            prefix: None,
                                            local: Identifier {
                                                component: "SVG",
                                                sub_components: [
                                                    "Gradient",
                                                    "attrib",
                                                ],
                                            },
                                        },
                                    ),
                                    Attribute {
                                        name_class: Name(
                                            Name {
                                                prefix: None,
                                                local: Identifier {
                                                    component: "offset",
                                                    sub_components: [],
                                                },
                                            },
                                        ),
                                        pattern: Name(
                                            Name {
                                                prefix: None,
                                                local: Identifier {
                                                    component: "NumberOrPercentage",
                                                    sub_components: [
                                                        "datatype",
                                                    ],
                                                },
                                            },
                                        ),
                                    },
                                ],
                            ),
                        },
                    ),
                ],
            },
        ),
    ),
}
