---
source: rnc/src/parse.rs
expression: parse_schema(&read_to_string(&path).unwrap()).unwrap()
---
Schema {
    declarations: [
        DefaultNamespace(
            "http://www.w3.org/2000/svg",
        ),
        Namespace(
            NamespaceDeclaration {
                prefix: Identifier {
                    components: [
                        "a",
                    ],
                },
                uri: "http://relaxng.org/ns/compatibility/annotations/1.0",
            },
        ),
    ],
    body: Pattern(
        Grammar(
            Grammar {
                contents: [
                    Definition(
                        Definition {
                            name: Identifier {
                                components: [
                                    "ClassList",
                                    "datatype",
                                ],
                            },
                            combine: None,
                            pattern: Name(
                                Name {
                                    prefix: Some(
                                        Identifier {
                                            components: [
                                                "xsd",
                                            ],
                                        },
                                    ),
                                    local: Identifier {
                                        components: [
                                            "string",
                                        ],
                                    },
                                },
                            ),
                        },
                    ),
                    Definition(
                        Definition {
                            name: Identifier {
                                components: [
                                    "StyleSheet",
                                    "datatype",
                                ],
                            },
                            combine: None,
                            pattern: Name(
                                Name {
                                    prefix: Some(
                                        Identifier {
                                            components: [
                                                "xsd",
                                            ],
                                        },
                                    ),
                                    local: Identifier {
                                        components: [
                                            "string",
                                        ],
                                    },
                                },
                            ),
                        },
                    ),
                    Definition(
                        Definition {
                            name: Identifier {
                                components: [
                                    "MediaDesc",
                                    "datatype",
                                ],
                            },
                            combine: None,
                            pattern: Name(
                                Name {
                                    prefix: Some(
                                        Identifier {
                                            components: [
                                                "xsd",
                                            ],
                                        },
                                    ),
                                    local: Identifier {
                                        components: [
                                            "string",
                                        ],
                                    },
                                },
                            ),
                        },
                    ),
                    Annotation(
                        AnnotationElement {
                            name: Name {
                                prefix: Some(
                                    Identifier {
                                        components: [
                                            "a",
                                        ],
                                    },
                                ),
                                local: Identifier {
                                    components: [
                                        "documentation",
                                    ],
                                },
                            },
                            attributes: [],
                        },
                    ),
                    Definition(
                        Definition {
                            name: Identifier {
                                components: [
                                    "SVG",
                                    "Style",
                                    "extra",
                                    "attrib",
                                ],
                            },
                            combine: None,
                            pattern: Empty,
                        },
                    ),
                    Definition(
                        Definition {
                            name: Identifier {
                                components: [
                                    "SVG",
                                    "Style",
                                    "attrib",
                                ],
                            },
                            combine: Some(
                                Interleave,
                            ),
                            pattern: Group(
                                [
                                    Optional(
                                        Attribute {
                                            name_class: Name(
                                                Name {
                                                    prefix: None,
                                                    local: Identifier {
                                                        components: [
                                                            "style",
                                                        ],
                                                    },
                                                },
                                            ),
                                            pattern: Name(
                                                Name {
                                                    prefix: None,
                                                    local: Identifier {
                                                        components: [
                                                            "StyleSheet",
                                                            "datatype",
                                                        ],
                                                    },
                                                },
                                            ),
                                        },
                                    ),
                                    Optional(
                                        Attribute {
                                            name_class: Name(
                                                Name {
                                                    prefix: None,
                                                    local: Identifier {
                                                        components: [
                                                            "class",
                                                        ],
                                                    },
                                                },
                                            ),
                                            pattern: Name(
                                                Name {
                                                    prefix: None,
                                                    local: Identifier {
                                                        components: [
                                                            "ClassList",
                                                            "datatype",
                                                        ],
                                                    },
                                                },
                                            ),
                                        },
                                    ),
                                    Name(
                                        Name {
                                            prefix: None,
                                            local: Identifier {
                                                components: [
                                                    "SVG",
                                                    "Style",
                                                    "extra",
                                                    "attrib",
                                                ],
                                            },
                                        },
                                    ),
                                ],
                            ),
                        },
                    ),
                    Annotation(
                        AnnotationElement {
                            name: Name {
                                prefix: Some(
                                    Identifier {
                                        components: [
                                            "a",
                                        ],
                                    },
                                ),
                                local: Identifier {
                                    components: [
                                        "documentation",
                                    ],
                                },
                            },
                            attributes: [],
                        },
                    ),
                    Definition(
                        Definition {
                            name: Identifier {
                                components: [
                                    "SVG",
                                    "Style",
                                    "extra",
                                    "class",
                                ],
                            },
                            combine: None,
                            pattern: NotAllowed,
                        },
                    ),
                    Definition(
                        Definition {
                            name: Identifier {
                                components: [
                                    "SVG",
                                    "Style",
                                    "class",
                                ],
                            },
                            combine: Some(
                                Choice,
                            ),
                            pattern: Choice(
                                [
                                    Name(
                                        Name {
                                            prefix: None,
                                            local: Identifier {
                                                components: [
                                                    "style",
                                                ],
                                            },
                                        },
                                    ),
                                    Name(
                                        Name {
                                            prefix: None,
                                            local: Identifier {
                                                components: [
                                                    "SVG",
                                                    "Style",
                                                    "extra",
                                                    "class",
                                                ],
                                            },
                                        },
                                    ),
                                ],
                            ),
                        },
                    ),
                    Annotation(
                        AnnotationElement {
                            name: Name {
                                prefix: Some(
                                    Identifier {
                                        components: [
                                            "a",
                                        ],
                                    },
                                ),
                                local: Identifier {
                                    components: [
                                        "documentation",
                                    ],
                                },
                            },
                            attributes: [],
                        },
                    ),
                    Definition(
                        Definition {
                            name: Identifier {
                                components: [
                                    "SVG",
                                    "style",
                                    "content",
                                ],
                            },
                            combine: None,
                            pattern: Text,
                        },
                    ),
                    Definition(
                        Definition {
                            name: Identifier {
                                components: [
                                    "style",
                                ],
                            },
                            combine: None,
                            pattern: Element {
                                name_class: Name(
                                    Name {
                                        prefix: None,
                                        local: Identifier {
                                            components: [
                                                "style",
                                            ],
                                        },
                                    },
                                ),
                                pattern: Group(
                                    [
                                        Name(
                                            Name {
                                                prefix: None,
                                                local: Identifier {
                                                    components: [
                                                        "attlist",
                                                        "style",
                                                    ],
                                                },
                                            },
                                        ),
                                        Name(
                                            Name {
                                                prefix: None,
                                                local: Identifier {
                                                    components: [
                                                        "SVG",
                                                        "style",
                                                        "content",
                                                    ],
                                                },
                                            },
                                        ),
                                    ],
                                ),
                            },
                        },
                    ),
                    Definition(
                        Definition {
                            name: Identifier {
                                components: [
                                    "attlist",
                                    "style",
                                ],
                            },
                            combine: Some(
                                Interleave,
                            ),
                            pattern: Group(
                                [
                                    Optional(
                                        Attribute {
                                            name_class: Name(
                                                Name {
                                                    prefix: Some(
                                                        Identifier {
                                                            components: [
                                                                "xml",
                                                            ],
                                                        },
                                                    ),
                                                    local: Identifier {
                                                        components: [
                                                            "space",
                                                        ],
                                                    },
                                                },
                                            ),
                                            pattern: Value {
                                                name: Some(
                                                    Name {
                                                        prefix: None,
                                                        local: Identifier {
                                                            components: [
                                                                "string",
                                                            ],
                                                        },
                                                    },
                                                ),
                                                value: "preserve",
                                            },
                                        },
                                    ),
                                    Name(
                                        Name {
                                            prefix: None,
                                            local: Identifier {
                                                components: [
                                                    "SVG",
                                                    "id",
                                                    "attrib",
                                                ],
                                            },
                                        },
                                    ),
                                    Name(
                                        Name {
                                            prefix: None,
                                            local: Identifier {
                                                components: [
                                                    "SVG",
                                                    "base",
                                                    "attrib",
                                                ],
                                            },
                                        },
                                    ),
                                    Name(
                                        Name {
                                            prefix: None,
                                            local: Identifier {
                                                components: [
                                                    "SVG",
                                                    "lang",
                                                    "attrib",
                                                ],
                                            },
                                        },
                                    ),
                                    Name(
                                        Name {
                                            prefix: None,
                                            local: Identifier {
                                                components: [
                                                    "SVG",
                                                    "Core",
                                                    "extra",
                                                    "attrib",
                                                ],
                                            },
                                        },
                                    ),
                                    Optional(
                                        Attribute {
                                            name_class: Name(
                                                Name {
                                                    prefix: None,
                                                    local: Identifier {
                                                        components: [
                                                            "type",
                                                        ],
                                                    },
                                                },
                                            ),
                                            pattern: Name(
                                                Name {
                                                    prefix: None,
                                                    local: Identifier {
                                                        components: [
                                                            "ContentType",
                                                            "datatype",
                                                        ],
                                                    },
                                                },
                                            ),
                                        },
                                    ),
                                    Optional(
                                        Attribute {
                                            name_class: Name(
                                                Name {
                                                    prefix: None,
                                                    local: Identifier {
                                                        components: [
                                                            "media",
                                                        ],
                                                    },
                                                },
                                            ),
                                            pattern: Name(
                                                Name {
                                                    prefix: None,
                                                    local: Identifier {
                                                        components: [
                                                            "MediaDesc",
                                                            "datatype",
                                                        ],
                                                    },
                                                },
                                            ),
                                        },
                                    ),
                                    Optional(
                                        Attribute {
                                            name_class: Name(
                                                Name {
                                                    prefix: None,
                                                    local: Identifier {
                                                        components: [
                                                            "title",
                                                        ],
                                                    },
                                                },
                                            ),
                                            pattern: Name(
                                                Name {
                                                    prefix: None,
                                                    local: Identifier {
                                                        components: [
                                                            "Text",
                                                            "datatype",
                                                        ],
                                                    },
                                                },
                                            ),
                                        },
                                    ),
                                ],
                            ),
                        },
                    ),
                ],
            },
        ),
    ),
}
