---
source: rnc/src/parse.rs
expression: parse_schema(&read_to_string(&path).unwrap()).unwrap()
---
Schema {
    declarations: [
        Namespace(
            NamespaceDeclaration {
                prefix: Identifier {
                    components: [
                        "a",
                    ],
                },
                uri: "http://relaxng.org/ns/compatibility/annotations/1.0",
            },
        ),
    ],
    body: Pattern(
        Grammar(
            Grammar {
                contents: [
                    Definition(
                        Definition {
                            name: Identifier {
                                components: [
                                    "SVG",
                                    "onfocusin",
                                    "attrib",
                                ],
                            },
                            combine: None,
                            pattern: Optional(
                                Attribute {
                                    name_class: Name(
                                        Name {
                                            prefix: None,
                                            local: Identifier {
                                                components: [
                                                    "onfocusin",
                                                ],
                                            },
                                        },
                                    ),
                                    pattern: Name(
                                        Name {
                                            prefix: None,
                                            local: Identifier {
                                                components: [
                                                    "Script",
                                                    "datatype",
                                                ],
                                            },
                                        },
                                    ),
                                },
                            ),
                        },
                    ),
                    Definition(
                        Definition {
                            name: Identifier {
                                components: [
                                    "SVG",
                                    "onfocusout",
                                    "attrib",
                                ],
                            },
                            combine: None,
                            pattern: Optional(
                                Attribute {
                                    name_class: Name(
                                        Name {
                                            prefix: None,
                                            local: Identifier {
                                                components: [
                                                    "onfocusout",
                                                ],
                                            },
                                        },
                                    ),
                                    pattern: Name(
                                        Name {
                                            prefix: None,
                                            local: Identifier {
                                                components: [
                                                    "Script",
                                                    "datatype",
                                                ],
                                            },
                                        },
                                    ),
                                },
                            ),
                        },
                    ),
                    Definition(
                        Definition {
                            name: Identifier {
                                components: [
                                    "SVG",
                                    "onactivate",
                                    "attrib",
                                ],
                            },
                            combine: None,
                            pattern: Optional(
                                Attribute {
                                    name_class: Name(
                                        Name {
                                            prefix: None,
                                            local: Identifier {
                                                components: [
                                                    "onactivate",
                                                ],
                                            },
                                        },
                                    ),
                                    pattern: Name(
                                        Name {
                                            prefix: None,
                                            local: Identifier {
                                                components: [
                                                    "Script",
                                                    "datatype",
                                                ],
                                            },
                                        },
                                    ),
                                },
                            ),
                        },
                    ),
                    Definition(
                        Definition {
                            name: Identifier {
                                components: [
                                    "SVG",
                                    "onclick",
                                    "attrib",
                                ],
                            },
                            combine: None,
                            pattern: Optional(
                                Attribute {
                                    name_class: Name(
                                        Name {
                                            prefix: None,
                                            local: Identifier {
                                                components: [
                                                    "onclick",
                                                ],
                                            },
                                        },
                                    ),
                                    pattern: Name(
                                        Name {
                                            prefix: None,
                                            local: Identifier {
                                                components: [
                                                    "Script",
                                                    "datatype",
                                                ],
                                            },
                                        },
                                    ),
                                },
                            ),
                        },
                    ),
                    Definition(
                        Definition {
                            name: Identifier {
                                components: [
                                    "SVG",
                                    "onmousedown",
                                    "attrib",
                                ],
                            },
                            combine: None,
                            pattern: Optional(
                                Attribute {
                                    name_class: Name(
                                        Name {
                                            prefix: None,
                                            local: Identifier {
                                                components: [
                                                    "onmousedown",
                                                ],
                                            },
                                        },
                                    ),
                                    pattern: Name(
                                        Name {
                                            prefix: None,
                                            local: Identifier {
                                                components: [
                                                    "Script",
                                                    "datatype",
                                                ],
                                            },
                                        },
                                    ),
                                },
                            ),
                        },
                    ),
                    Definition(
                        Definition {
                            name: Identifier {
                                components: [
                                    "SVG",
                                    "onmouseup",
                                    "attrib",
                                ],
                            },
                            combine: None,
                            pattern: Optional(
                                Attribute {
                                    name_class: Name(
                                        Name {
                                            prefix: None,
                                            local: Identifier {
                                                components: [
                                                    "onmouseup",
                                                ],
                                            },
                                        },
                                    ),
                                    pattern: Name(
                                        Name {
                                            prefix: None,
                                            local: Identifier {
                                                components: [
                                                    "Script",
                                                    "datatype",
                                                ],
                                            },
                                        },
                                    ),
                                },
                            ),
                        },
                    ),
                    Definition(
                        Definition {
                            name: Identifier {
                                components: [
                                    "SVG",
                                    "onmouseover",
                                    "attrib",
                                ],
                            },
                            combine: None,
                            pattern: Optional(
                                Attribute {
                                    name_class: Name(
                                        Name {
                                            prefix: None,
                                            local: Identifier {
                                                components: [
                                                    "onmouseover",
                                                ],
                                            },
                                        },
                                    ),
                                    pattern: Name(
                                        Name {
                                            prefix: None,
                                            local: Identifier {
                                                components: [
                                                    "Script",
                                                    "datatype",
                                                ],
                                            },
                                        },
                                    ),
                                },
                            ),
                        },
                    ),
                    Definition(
                        Definition {
                            name: Identifier {
                                components: [
                                    "SVG",
                                    "onmousemove",
                                    "attrib",
                                ],
                            },
                            combine: None,
                            pattern: Optional(
                                Attribute {
                                    name_class: Name(
                                        Name {
                                            prefix: None,
                                            local: Identifier {
                                                components: [
                                                    "onmousemove",
                                                ],
                                            },
                                        },
                                    ),
                                    pattern: Name(
                                        Name {
                                            prefix: None,
                                            local: Identifier {
                                                components: [
                                                    "Script",
                                                    "datatype",
                                                ],
                                            },
                                        },
                                    ),
                                },
                            ),
                        },
                    ),
                    Definition(
                        Definition {
                            name: Identifier {
                                components: [
                                    "SVG",
                                    "onmouseout",
                                    "attrib",
                                ],
                            },
                            combine: None,
                            pattern: Optional(
                                Attribute {
                                    name_class: Name(
                                        Name {
                                            prefix: None,
                                            local: Identifier {
                                                components: [
                                                    "onmouseout",
                                                ],
                                            },
                                        },
                                    ),
                                    pattern: Name(
                                        Name {
                                            prefix: None,
                                            local: Identifier {
                                                components: [
                                                    "Script",
                                                    "datatype",
                                                ],
                                            },
                                        },
                                    ),
                                },
                            ),
                        },
                    ),
                    Definition(
                        Definition {
                            name: Identifier {
                                components: [
                                    "SVG",
                                    "onload",
                                    "attrib",
                                ],
                            },
                            combine: Some(
                                Interleave,
                            ),
                            pattern: Optional(
                                Attribute {
                                    name_class: Name(
                                        Name {
                                            prefix: None,
                                            local: Identifier {
                                                components: [
                                                    "onload",
                                                ],
                                            },
                                        },
                                    ),
                                    pattern: Name(
                                        Name {
                                            prefix: None,
                                            local: Identifier {
                                                components: [
                                                    "Script",
                                                    "datatype",
                                                ],
                                            },
                                        },
                                    ),
                                },
                            ),
                        },
                    ),
                    Definition(
                        Definition {
                            name: Identifier {
                                components: [
                                    "SVG",
                                    "GraphicalEvents",
                                    "extra",
                                    "attrib",
                                ],
                            },
                            combine: None,
                            pattern: Empty,
                        },
                    ),
                    Definition(
                        Definition {
                            name: Identifier {
                                components: [
                                    "SVG",
                                    "GraphicalEvents",
                                    "attrib",
                                ],
                            },
                            combine: Some(
                                Interleave,
                            ),
                            pattern: Group(
                                [
                                    Name(
                                        Name {
                                            prefix: None,
                                            local: Identifier {
                                                components: [
                                                    "SVG",
                                                    "onfocusin",
                                                    "attrib",
                                                ],
                                            },
                                        },
                                    ),
                                    Name(
                                        Name {
                                            prefix: None,
                                            local: Identifier {
                                                components: [
                                                    "SVG",
                                                    "onfocusout",
                                                    "attrib",
                                                ],
                                            },
                                        },
                                    ),
                                    Name(
                                        Name {
                                            prefix: None,
                                            local: Identifier {
                                                components: [
                                                    "SVG",
                                                    "onactivate",
                                                    "attrib",
                                                ],
                                            },
                                        },
                                    ),
                                    Name(
                                        Name {
                                            prefix: None,
                                            local: Identifier {
                                                components: [
                                                    "SVG",
                                                    "onclick",
                                                    "attrib",
                                                ],
                                            },
                                        },
                                    ),
                                    Name(
                                        Name {
                                            prefix: None,
                                            local: Identifier {
                                                components: [
                                                    "SVG",
                                                    "onmousedown",
                                                    "attrib",
                                                ],
                                            },
                                        },
                                    ),
                                    Name(
                                        Name {
                                            prefix: None,
                                            local: Identifier {
                                                components: [
                                                    "SVG",
                                                    "onmouseup",
                                                    "attrib",
                                                ],
                                            },
                                        },
                                    ),
                                    Name(
                                        Name {
                                            prefix: None,
                                            local: Identifier {
                                                components: [
                                                    "SVG",
                                                    "onmouseover",
                                                    "attrib",
                                                ],
                                            },
                                        },
                                    ),
                                    Name(
                                        Name {
                                            prefix: None,
                                            local: Identifier {
                                                components: [
                                                    "SVG",
                                                    "onmousemove",
                                                    "attrib",
                                                ],
                                            },
                                        },
                                    ),
                                    Name(
                                        Name {
                                            prefix: None,
                                            local: Identifier {
                                                components: [
                                                    "SVG",
                                                    "onmouseout",
                                                    "attrib",
                                                ],
                                            },
                                        },
                                    ),
                                    Name(
                                        Name {
                                            prefix: None,
                                            local: Identifier {
                                                components: [
                                                    "SVG",
                                                    "onload",
                                                    "attrib",
                                                ],
                                            },
                                        },
                                    ),
                                    Name(
                                        Name {
                                            prefix: None,
                                            local: Identifier {
                                                components: [
                                                    "SVG",
                                                    "GraphicalEvents",
                                                    "extra",
                                                    "attrib",
                                                ],
                                            },
                                        },
                                    ),
                                ],
                            ),
                        },
                    ),
                ],
            },
        ),
    ),
}
