---
source: rnc/src/parse.rs
expression: parse_schema(&read_to_string(&path).unwrap()).unwrap()
---
Schema {
    declarations: [
        Namespace(
            NamespaceDeclaration {
                prefix: Identifier {
                    component: "a",
                    sub_components: [],
                },
                uri: "http://relaxng.org/ns/compatibility/annotations/1.0",
            },
        ),
    ],
    body: Pattern(
        Grammar(
            Grammar {
                contents: [
                    Definition(
                        Definition {
                            name: Identifier {
                                component: "SVG",
                                sub_components: [
                                    "onbegin",
                                    "attrib",
                                ],
                            },
                            combine: None,
                            pattern: Optional(
                                Attribute {
                                    name_class: Name(
                                        Name {
                                            prefix: None,
                                            local: Identifier {
                                                component: "onbegin",
                                                sub_components: [],
                                            },
                                        },
                                    ),
                                    pattern: Name(
                                        Name {
                                            prefix: None,
                                            local: Identifier {
                                                component: "Script",
                                                sub_components: [
                                                    "datatype",
                                                ],
                                            },
                                        },
                                    ),
                                },
                            ),
                        },
                    ),
                    Definition(
                        Definition {
                            name: Identifier {
                                component: "SVG",
                                sub_components: [
                                    "onend",
                                    "attrib",
                                ],
                            },
                            combine: None,
                            pattern: Optional(
                                Attribute {
                                    name_class: Name(
                                        Name {
                                            prefix: None,
                                            local: Identifier {
                                                component: "onend",
                                                sub_components: [],
                                            },
                                        },
                                    ),
                                    pattern: Name(
                                        Name {
                                            prefix: None,
                                            local: Identifier {
                                                component: "Script",
                                                sub_components: [
                                                    "datatype",
                                                ],
                                            },
                                        },
                                    ),
                                },
                            ),
                        },
                    ),
                    Definition(
                        Definition {
                            name: Identifier {
                                component: "SVG",
                                sub_components: [
                                    "onrepeat",
                                    "attrib",
                                ],
                            },
                            combine: None,
                            pattern: Optional(
                                Attribute {
                                    name_class: Name(
                                        Name {
                                            prefix: None,
                                            local: Identifier {
                                                component: "onrepeat",
                                                sub_components: [],
                                            },
                                        },
                                    ),
                                    pattern: Name(
                                        Name {
                                            prefix: None,
                                            local: Identifier {
                                                component: "Script",
                                                sub_components: [
                                                    "datatype",
                                                ],
                                            },
                                        },
                                    ),
                                },
                            ),
                        },
                    ),
                    Definition(
                        Definition {
                            name: Identifier {
                                component: "SVG",
                                sub_components: [
                                    "AnimationEvents",
                                    "extra",
                                    "attrib",
                                ],
                            },
                            combine: None,
                            pattern: Empty,
                        },
                    ),
                    Definition(
                        Definition {
                            name: Identifier {
                                component: "SVG",
                                sub_components: [
                                    "AnimationEvents",
                                    "attrib",
                                ],
                            },
                            combine: Some(
                                Interleave,
                            ),
                            pattern: Group(
                                [
                                    Name(
                                        Name {
                                            prefix: None,
                                            local: Identifier {
                                                component: "SVG",
                                                sub_components: [
                                                    "onbegin",
                                                    "attrib",
                                                ],
                                            },
                                        },
                                    ),
                                    Name(
                                        Name {
                                            prefix: None,
                                            local: Identifier {
                                                component: "SVG",
                                                sub_components: [
                                                    "onend",
                                                    "attrib",
                                                ],
                                            },
                                        },
                                    ),
                                    Name(
                                        Name {
                                            prefix: None,
                                            local: Identifier {
                                                component: "SVG",
                                                sub_components: [
                                                    "onrepeat",
                                                    "attrib",
                                                ],
                                            },
                                        },
                                    ),
                                    Name(
                                        Name {
                                            prefix: None,
                                            local: Identifier {
                                                component: "SVG",
                                                sub_components: [
                                                    "onload",
                                                    "attrib",
                                                ],
                                            },
                                        },
                                    ),
                                    Name(
                                        Name {
                                            prefix: None,
                                            local: Identifier {
                                                component: "SVG",
                                                sub_components: [
                                                    "AnimationEvents",
                                                    "extra",
                                                    "attrib",
                                                ],
                                            },
                                        },
                                    ),
                                ],
                            ),
                        },
                    ),
                ],
            },
        ),
    ),
}
